<html>
<body>
<pre>
<h1>µVision Build Log</h1>
<h2>Tool Versions:</h2>
IDE-Version: ¦ÌVision V5.18.0.0
Copyright (C) 2016 ARM Ltd and ARM Germany GmbH. All rights reserved.
License Information: Kano Kano, Kano, LIC=MPPLD-86QH8-RAGDM-XLFL8-K3DTK-31MBQ
 
Tool Versions:
Toolchain:       MDK-ARM Standard  Version: 5.18
Toolchain Path:  D:\Keil_v5\ARM\ARMCC\Bin
C Compiler:      Armcc.exe V5.06 update 1 (build 61)
Assembler:       Armasm.exe V5.06 update 1 (build 61)
Linker/Locator:  ArmLink.exe V5.06 update 1 (build 61)
Library Manager: ArmAr.exe V5.06 update 1 (build 61)
Hex Converter:   FromElf.exe V5.06 update 1 (build 61)
CPU DLL:         SARMCM3.DLL V5.18
Dialog DLL:      DCM.DLL V1.13.6.0
Target DLL:      STLink\ST-LINKIII-KEIL_SWO.dll V2.0.18.0
Dialog DLL:      TCM.DLL V1.14.8.0
 
<h2>Project:</h2>
C:\Users\Kano\Desktop\miot_device_mcu_20230707\arch\stm32\MDK-ARM\mcu_demo.uvprojx
Project File Date:  07/07/2023

<h2>Output:</h2>
*** Using Compiler 'V5.06 update 1 (build 61)', folder: 'D:\Keil_v5\ARM\ARMCC\Bin'
Build target 'Target 1'
compiling user_app_main.c...
..\..\..\miio\uart\miio_uart.h(49): warning:  #1295-D: Deprecated declaration _get_ringbuff_len - give arg types
  uint16_t _get_ringbuff_len();
..\..\..\user\app\Key.h(29): warning:  #1295-D: Deprecated declaration KEY_Scan - give arg types
  void KEY_Scan();  	//°´??É¨?èº???					    
..\..\..\user\app\user_app_main.c: 2 warnings, 0 errors
linking...
Program Size: Code=22572 RO-data=1300 RW-data=84 ZI-data=6388  
FromELF: creating hex file...
".\Objects\mcu_demo.axf" - 0 Error(s), 2 Warning(s).

<h2>Collection of Component include folders:</h2>
  C:\Users\Kano\Desktop\miot_device_mcu_20230707\arch\stm32\MDK-ARM\RTE
  D:\Keil_v5\ARM\PACK\Keil\STM32F1xx_DFP\1.0.5\Device\Include

<h2>Collection of Component Files used:</h2>
Build Time Elapsed:  00:00:02
</pre>
</body>
</html>
