Component: ARM Compiler 5.06 update 1 (build 61) Tool: armlink [4d35a8]

==============================================================================

Section Cross References

    startup_stm32f10x_hd.o(RESET) refers to startup_stm32f10x_hd.o(STACK) for __initial_sp
    startup_stm32f10x_hd.o(RESET) refers to startup_stm32f10x_hd.o(.text) for Reset_Handler
    startup_stm32f10x_hd.o(RESET) refers to stm32f10x_it.o(i.NMI_Handler) for NMI_Handler
    startup_stm32f10x_hd.o(RESET) refers to stm32f10x_it.o(i.HardFault_Handler) for HardFault_Handler
    startup_stm32f10x_hd.o(RESET) refers to stm32f10x_it.o(i.MemManage_Handler) for MemManage_Handler
    startup_stm32f10x_hd.o(RESET) refers to stm32f10x_it.o(i.BusFault_Handler) for BusFault_Handler
    startup_stm32f10x_hd.o(RESET) refers to stm32f10x_it.o(i.UsageFault_Handler) for UsageFault_Handler
    startup_stm32f10x_hd.o(RESET) refers to stm32f10x_it.o(i.SVC_Handler) for SVC_Handler
    startup_stm32f10x_hd.o(RESET) refers to stm32f10x_it.o(i.DebugMon_Handler) for DebugMon_Handler
    startup_stm32f10x_hd.o(RESET) refers to stm32f10x_it.o(i.PendSV_Handler) for PendSV_Handler
    startup_stm32f10x_hd.o(RESET) refers to stm32f10x_it.o(i.SysTick_Handler) for SysTick_Handler
    startup_stm32f10x_hd.o(RESET) refers to usart.o(i.USART1_IRQHandler) for USART1_IRQHandler
    startup_stm32f10x_hd.o(RESET) refers to arch_uart.o(i.USART2_IRQHandler) for USART2_IRQHandler
    startup_stm32f10x_hd.o(.text) refers to system_stm32f10x.o(i.SystemInit) for SystemInit
    startup_stm32f10x_hd.o(.text) refers to entry.o(.ARM.Collect$$$$00000000) for __main
    stm32f10x_adc.o(i.ADC_DeInit) refers to stm32f10x_rcc.o(i.RCC_APB2PeriphResetCmd) for RCC_APB2PeriphResetCmd
    stm32f10x_bkp.o(i.BKP_DeInit) refers to stm32f10x_rcc.o(i.RCC_BackupResetCmd) for RCC_BackupResetCmd
    stm32f10x_can.o(i.CAN_DeInit) refers to stm32f10x_rcc.o(i.RCC_APB1PeriphResetCmd) for RCC_APB1PeriphResetCmd
    stm32f10x_can.o(i.CAN_GetITStatus) refers to stm32f10x_can.o(i.CheckITStatus) for CheckITStatus
    stm32f10x_cec.o(i.CEC_DeInit) refers to stm32f10x_rcc.o(i.RCC_APB1PeriphResetCmd) for RCC_APB1PeriphResetCmd
    stm32f10x_dac.o(i.DAC_DeInit) refers to stm32f10x_rcc.o(i.RCC_APB1PeriphResetCmd) for RCC_APB1PeriphResetCmd
    stm32f10x_flash.o(i.FLASH_EnableWriteProtection) refers to stm32f10x_flash.o(i.FLASH_WaitForLastOperation) for FLASH_WaitForLastOperation
    stm32f10x_flash.o(i.FLASH_EraseAllBank1Pages) refers to stm32f10x_flash.o(i.FLASH_WaitForLastBank1Operation) for FLASH_WaitForLastBank1Operation
    stm32f10x_flash.o(i.FLASH_EraseAllPages) refers to stm32f10x_flash.o(i.FLASH_WaitForLastOperation) for FLASH_WaitForLastOperation
    stm32f10x_flash.o(i.FLASH_EraseOptionBytes) refers to stm32f10x_flash.o(i.FLASH_GetReadOutProtectionStatus) for FLASH_GetReadOutProtectionStatus
    stm32f10x_flash.o(i.FLASH_EraseOptionBytes) refers to stm32f10x_flash.o(i.FLASH_WaitForLastOperation) for FLASH_WaitForLastOperation
    stm32f10x_flash.o(i.FLASH_ErasePage) refers to stm32f10x_flash.o(i.FLASH_WaitForLastOperation) for FLASH_WaitForLastOperation
    stm32f10x_flash.o(i.FLASH_ProgramHalfWord) refers to stm32f10x_flash.o(i.FLASH_WaitForLastOperation) for FLASH_WaitForLastOperation
    stm32f10x_flash.o(i.FLASH_ProgramOptionByteData) refers to stm32f10x_flash.o(i.FLASH_WaitForLastOperation) for FLASH_WaitForLastOperation
    stm32f10x_flash.o(i.FLASH_ProgramWord) refers to stm32f10x_flash.o(i.FLASH_WaitForLastOperation) for FLASH_WaitForLastOperation
    stm32f10x_flash.o(i.FLASH_ReadOutProtection) refers to stm32f10x_flash.o(i.FLASH_WaitForLastOperation) for FLASH_WaitForLastOperation
    stm32f10x_flash.o(i.FLASH_UserOptionByteConfig) refers to stm32f10x_flash.o(i.FLASH_WaitForLastOperation) for FLASH_WaitForLastOperation
    stm32f10x_flash.o(i.FLASH_WaitForLastBank1Operation) refers to stm32f10x_flash.o(i.FLASH_GetBank1Status) for FLASH_GetBank1Status
    stm32f10x_flash.o(i.FLASH_WaitForLastOperation) refers to stm32f10x_flash.o(i.FLASH_GetBank1Status) for FLASH_GetBank1Status
    stm32f10x_gpio.o(i.GPIO_AFIODeInit) refers to stm32f10x_rcc.o(i.RCC_APB2PeriphResetCmd) for RCC_APB2PeriphResetCmd
    stm32f10x_gpio.o(i.GPIO_DeInit) refers to stm32f10x_rcc.o(i.RCC_APB2PeriphResetCmd) for RCC_APB2PeriphResetCmd
    stm32f10x_i2c.o(i.I2C_DeInit) refers to stm32f10x_rcc.o(i.RCC_APB1PeriphResetCmd) for RCC_APB1PeriphResetCmd
    stm32f10x_i2c.o(i.I2C_Init) refers to stm32f10x_rcc.o(i.RCC_GetClocksFreq) for RCC_GetClocksFreq
    stm32f10x_pwr.o(i.PWR_DeInit) refers to stm32f10x_rcc.o(i.RCC_APB1PeriphResetCmd) for RCC_APB1PeriphResetCmd
    stm32f10x_rcc.o(i.RCC_GetClocksFreq) refers to stm32f10x_rcc.o(.data) for APBAHBPrescTable
    stm32f10x_rcc.o(i.RCC_WaitForHSEStartUp) refers to stm32f10x_rcc.o(i.RCC_GetFlagStatus) for RCC_GetFlagStatus
    stm32f10x_rtc.o(i.RTC_SetAlarm) refers to stm32f10x_rtc.o(i.RTC_EnterConfigMode) for RTC_EnterConfigMode
[...]
    P_1_3_SerialNumber_doGet                 0x08001071   Thumb Code    14  s_1_deviceinformation_doget.o(i.P_1_3_SerialNumber_doGet)
    i.P_1_4_FirmwareRevision_doGet           0x08001088   Section        0  s_1_deviceinformation_doget.o(i.P_1_4_FirmwareRevision_doGet)
    P_1_4_FirmwareRevision_doGet             0x08001089   Thumb Code    14  s_1_deviceinformation_doget.o(i.P_1_4_FirmwareRevision_doGet)
    i.P_1_5_SerialNo_doGet                   0x080010a0   Section        0  s_1_deviceinformation_doget.o(i.P_1_5_SerialNo_doGet)
    P_1_5_SerialNo_doGet                     0x080010a1   Thumb Code    14  s_1_deviceinformation_doget.o(i.P_1_5_SerialNo_doGet)
    i.P_2_4_On_doGet                         0x080010b8   Section        0  s_2_switchsensor_doget.o(i.P_2_4_On_doGet)
    P_2_4_On_doGet                           0x080010b9   Thumb Code    14  s_2_switchsensor_doget.o(i.P_2_4_On_doGet)
    i.P_2_4_On_doSet                         0x080010c8   Section        0  s_2_switchsensor_doset.o(i.P_2_4_On_doSet)
    P_2_4_On_doSet                           0x080010c9   Thumb Code    68  s_2_switchsensor_doset.o(i.P_2_4_On_doSet)
    i.PendSV_Handler                         0x08001114   Section        0  stm32f10x_it.o(i.PendSV_Handler)
    i.RCC_APB1PeriphClockCmd                 0x08001118   Section        0  stm32f10x_rcc.o(i.RCC_APB1PeriphClockCmd)
    i.RCC_APB2PeriphClockCmd                 0x08001138   Section        0  stm32f10x_rcc.o(i.RCC_APB2PeriphClockCmd)
    i.RCC_DeInit                             0x08001158   Section        0  stm32f10x_rcc.o(i.RCC_DeInit)
    i.RCC_GetClocksFreq                      0x080011a4   Section        0  stm32f10x_rcc.o(i.RCC_GetClocksFreq)
    i.RCC_GetFlagStatus                      0x08001278   Section        0  stm32f10x_rcc.o(i.RCC_GetFlagStatus)
    i.RCC_GetSYSCLKSource                    0x080012b4   Section        0  stm32f10x_rcc.o(i.RCC_GetSYSCLKSource)
    i.RCC_HCLKConfig                         0x080012c4   Section        0  stm32f10x_rcc.o(i.RCC_HCLKConfig)
    i.RCC_HSICmd                             0x080012dc   Section        0  stm32f10x_rcc.o(i.RCC_HSICmd)
    i.RCC_PCLK1Config                        0x080012e8   Section        0  stm32f10x_rcc.o(i.RCC_PCLK1Config)
    i.RCC_PCLK2Config                        0x08001300   Section        0  stm32f10x_rcc.o(i.RCC_PCLK2Config)
    i.RCC_PLLCmd                             0x08001318   Section        0  stm32f10x_rcc.o(i.RCC_PLLCmd)
    i.RCC_PLLConfig                          0x08001324   Section        0  stm32f10x_rcc.o(i.RCC_PLLConfig)
    i.RCC_SYSCLKConfig                       0x08001340   Section        0  stm32f10x_rcc.o(i.RCC_SYSCLKConfig)
    i.SVC_Handler                            0x08001358   Section        0  stm32f10x_it.o(i.SVC_Handler)
    i.S_1_DeviceInformation_doGet            0x0800135a   Section        0  s_1_deviceinformation_doget.o(i.S_1_DeviceInformation_doGet)
    i.S_2_SwitchSensor_doGet                 0x080013a2   Section        0  s_2_switchsensor_doget.o(i.S_2_SwitchSensor_doGet)
    i.S_2_SwitchSensor_doSet                 0x080013c0   Section        0  s_2_switchsensor_doset.o(i.S_2_SwitchSensor_doSet)
    i.SysTick_CLKSourceConfig                0x080013e0   Section        0  misc.o(i.SysTick_CLKSourceConfig)
    i.SysTick_Handler                        0x08001408   Section        0  stm32f10x_it.o(i.SysTick_Handler)
    i.SystemInit                             0x0800140c   Section        0  system_stm32f10x.o(i.SystemInit)
    i.TIM1_PWM_Init                          0x0800148c   Section        0  servo.o(i.TIM1_PWM_Init)
    i.TIM_ARRPreloadConfig                   0x08001524   Section        0  stm32f10x_tim.o(i.TIM_ARRPreloadConfig)
    i.TIM_Cmd                                0x0800153c   Section        0  stm32f10x_tim.o(i.TIM_Cmd)
    i.TIM_CtrlPWMOutputs                     0x08001554   Section        0  stm32f10x_tim.o(i.TIM_CtrlPWMOutputs)
    i.TIM_OC1Init                            0x08001574   Section        0  stm32f10x_tim.o(i.TIM_OC1Init)
    i.TIM_OC1PreloadConfig                   0x0800160c   Section        0  stm32f10x_tim.o(i.TIM_OC1PreloadConfig)
    i.TIM_SetCompare1                        0x0800161e   Section        0  stm32f10x_tim.o(i.TIM_SetCompare1)
    i.TIM_TimeBaseInit                       0x08001624   Section        0  stm32f10x_tim.o(i.TIM_TimeBaseInit)
    i.USART1_IRQHandler                      0x080016c8   Section        0  usart.o(i.USART1_IRQHandler)
    i.USART2_IRQHandler                      0x08001750   Section        0  arch_uart.o(i.USART2_IRQHandler)
    i.USART_ClearITPendingBit                0x0800177c   Section        0  stm32f10x_usart.o(i.USART_ClearITPendingBit)
    i.USART_Cmd                              0x0800179a   Section        0  stm32f10x_usart.o(i.USART_Cmd)
    i.USART_GetFlagStatus                    0x080017b2   Section        0  stm32f10x_usart.o(i.USART_GetFlagStatus)
    i.USART_GetITStatus                      0x080017cc   Section        0  stm32f10x_usart.o(i.USART_GetITStatus)
    i.USART_ITConfig                         0x08001820   Section        0  stm32f10x_usart.o(i.USART_ITConfig)
    i.USART_Init                             0x0800186c   Section        0  stm32f10x_usart.o(i.USART_Init)
    i.USART_ReceiveData                      0x08001944   Section        0  stm32f10x_usart.o(i.USART_ReceiveData)
    i.USART_SendData                         0x0800194e   Section        0  stm32f10x_usart.o(i.USART_SendData)
    i.UsageFault_Handler                     0x08001956   Section        0  stm32f10x_it.o(i.UsageFault_Handler)
    i._Xmodem_recv_str                       0x0800195a   Section        0  arch_uart.o(i._Xmodem_recv_str)
    i.__0printf                              0x08001998   Section        0  printfa.o(i.__0printf)
    i.__0snprintf                            0x080019b8   Section        0  printfa.o(i.__0snprintf)
    i.__aeabi_errno_addr                     0x080019e0   Section        0  errno.o(i.__aeabi_errno_addr)
    i.__read_errno                           0x080019e8   Section        0  errno.o(i.__read_errno)
    i.__scatterload_copy                     0x080019f4   Section       14  handlers.o(i.__scatterload_copy)
    i.__scatterload_null                     0x08001a02   Section        2  handlers.o(i.__scatterload_null)
    i.__scatterload_zeroinit                 0x08001a04   Section       14  handlers.o(i.__scatterload_zeroinit)
    i.__set_errno                            0x08001a14   Section        0  errno.o(i.__set_errno)
    i._fp_digits                             0x08001a20   Section        0  printfa.o(i._fp_digits)
    _fp_digits                               0x08001a21   Thumb Code   334  printfa.o(i._fp_digits)
    i._is_digit                              0x08001b84   Section        0  scanf_fp.o(i._is_digit)
    i._miio_cmd_ack                          0x08001b94   Section        0  miio_api.o(i._miio_cmd_ack)
    _miio_cmd_ack                            0x08001b95   Thumb Code   130  miio_api.o(i._miio_cmd_ack)
    i._printf_core                           0x08001ca0   Section        0  printfa.o(i._printf_core)
    _printf_core                             0x08001ca1   Thumb Code  1744  printfa.o(i._printf_core)
    i._printf_post_padding                   0x0800237c   Section        0  printfa.o(i._printf_post_padding)
    _printf_post_padding                     0x0800237d   Thumb Code    36  printfa.o(i._printf_post_padding)
    i._printf_pre_padding                    0x080023a0   Section        0  printfa.o(i._printf_pre_padding)
    _printf_pre_padding                      0x080023a1   Thumb Code    46  printfa.o(i._printf_pre_padding)
    i._read_ringbuff                         0x080023d0   Section        0  miio_uart.o(i._read_ringbuff)
    i._snputc                                0x08002424   Section        0  printfa.o(i._snputc)
    _snputc                                  0x08002425   Thumb Code    22  printfa.o(i._snputc)
    i._uart_init                             0x0800243c   Section        0  arch_uart.o(i._uart_init)
    i._uart_interrupt                        0x080024fc   Section        0  arch_uart.o(i._uart_interrupt)
    i._uart_recv_byte                        0x08002524   Section        0  arch_uart.o(i._uart_recv_byte)
    i._uart_recv_str                         0x08002548   Section        0  arch_uart.o(i._uart_recv_str)
    i._uart_send_byte                        0x080026a4   Section        0  arch_uart.o(i._uart_send_byte)
    i._uart_send_str                         0x0800276c   Section        0  arch_uart.o(i._uart_send_str)
    i._uart_send_str_wait_ack                0x08002850   Section        0  arch_uart.o(i._uart_send_str_wait_ack)
    i._write_ringbuff                        0x080029c8   Section        0  miio_uart.o(i._write_ringbuff)
    i.action_operation_decode                0x08002a10   Section        0  action_operation_decoder.o(i.action_operation_decode)
    i.action_operation_delete                0x08002bbc   Section        0  action_operation.o(i.action_operation_delete)
    i.action_operation_encode_param          0x08002bdc   Section        0  action_operation_encoder.o(i.action_operation_encode_param)
    i.action_operation_encode_tail           0x08002de4   Section        0  action_operation_encoder.o(i.action_operation_encode_tail)
    i.action_operation_new                   0x08002ef4   Section        0  action_operation.o(i.action_operation_new)
    i.app_func_is_ota_busy                   0x08002f46   Section        0  user_app_func.o(i.app_func_is_ota_busy)
    i.app_func_net_change                    0x08002f4c   Section        0  user_app_func.o(i.app_func_net_change)
    i.app_func_restore                       0x08002f54   Section        0  user_app_func.o(i.app_func_restore)
    i.arch_mcu_init                          0x08002fd0   Section        0  arch_init.o(i.arch_mcu_init)
    i.arch_os_mutex_deinit                   0x0800303c   Section        0  arch_os.o(i.arch_os_mutex_deinit)
    i.arch_os_mutex_get                      0x0800303e   Section        0  arch_os.o(i.arch_os_mutex_get)
    i.arch_os_mutex_init                     0x08003040   Section        0  arch_os.o(i.arch_os_mutex_init)
    i.arch_os_mutex_put                      0x08003042   Section        0  arch_os.o(i.arch_os_mutex_put)
    i.arch_ota_func                          0x08003044   Section        0  arch_ota.o(i.arch_ota_func)
    i.arch_printf_begin                      0x0800304a   Section        0  arch_dbg.o(i.arch_printf_begin)
    i.arch_printf_end                        0x0800304c   Section        0  arch_dbg.o(i.arch_printf_end)
    i.arguments_delete                       0x0800305c   Section        0  arguments.o(i.arguments_delete)
    i.arguments_new                          0x08003098   Section        0  arguments.o(i.arguments_new)
    i.atof                                   0x080030be   Section        0  atof.o(i.atof)
    i.crc16_ccitt                            0x080030e8   Section        0  xmodem.o(i.crc16_ccitt)
    crc16_ccitt                              0x080030e9   Thumb Code    64  xmodem.o(i.crc16_ccitt)
    i.delay_init                             0x08003128   Section        0  delay.o(i.delay_init)
    i.delay_ms                               0x0800316c   Section        0  delay.o(i.delay_ms)
    i.delay_us                               0x080031b8   Section        0  delay.o(i.delay_us)
    i.do_get_properties                      0x08003204   Section        0  main.o(i.do_get_properties)
    i.do_invoke_action                       0x08003250   Section        0  main.o(i.do_invoke_action)
    i.do_invoke_none                         0x080032a0   Section        0  main.o(i.do_invoke_none)
    i.do_invoke_ota                          0x080032d4   Section        0  main.o(i.do_invoke_ota)
    i.do_net_changed                         0x08003358   Section        0  main.o(i.do_net_changed)
    i.do_req_error                           0x080033b4   Section        0  miio_api.o(i.do_req_error)
    i.do_set_properties                      0x080033e8   Section        0  main.o(i.do_set_properties)
    i.execute_action_invocation              0x08003434   Section        0  operation_executor.o(i.execute_action_invocation)
    i.execute_ota_operation                  0x08003658   Section        0  ota.o(i.execute_ota_operation)
    i.execute_property_operation             0x080036a4   Section        0  operation_executor.o(i.execute_property_operation)
    i.fputc                                  0x080038e0   Section        0  usart.o(i.fputc)
    i.free                                   0x080038fc   Section        0  malloc.o(i.free)
    i.main                                   0x0800394c   Section        0  main.o(i.main)
    i.malloc                                 0x08003bb8   Section        0  malloc.o(i.malloc)
    i.miio_action_get_arguments_in           0x08003c24   Section        0  action_operation_decoder.o(i.miio_action_get_arguments_in)
    miio_action_get_arguments_in             0x08003c25   Thumb Code   196  action_operation_decoder.o(i.miio_action_get_arguments_in)
    i.miio_cmd_method_register               0x08003cf8   Section        0  miio_api.o(i.miio_cmd_method_register)
    i.miio_command_find_by_method            0x08003dd0   Section        0  miio_api.o(i.miio_command_find_by_method)
    miio_command_find_by_method              0x08003dd1   Thumb Code    84  miio_api.o(i.miio_command_find_by_method)
    i.miio_command_handle_loop               0x08003e24   Section        0  miio_api.o(i.miio_command_handle_loop)
    i.miio_get_value                         0x08004134   Section        0  property_operation_decoder.o(i.miio_get_value)
    miio_get_value                           0x08004135   Thumb Code   196  property_operation_decoder.o(i.miio_get_value)
    i.miio_instance_add_uart                 0x08004208   Section        0  miio_api.o(i.miio_instance_add_uart)
    i.miio_instance_add_xmodem               0x08004254   Section        0  miio_api.o(i.miio_instance_add_xmodem)
    i.miio_instance_create                   0x08004270   Section        0  miio_api.o(i.miio_instance_create)
    i.miio_instance_destroy                  0x0800431c   Section        0  miio_api.o(i.miio_instance_destroy)
    i.miio_property_operation_decode         0x0800441c   Section        0  property_operation_decoder.o(i.miio_property_operation_decode)
    i.miio_property_operation_delete         0x080045b4   Section        0  property_operation.o(i.miio_property_operation_delete)
    i.miio_property_operation_new            0x080045ca   Section        0  property_operation.o(i.miio_property_operation_new)
    i.miio_send_response                     0x080045f6   Section        0  operation_executor.o(i.miio_send_response)
    miio_send_response                       0x080045f7   Thumb Code    30  operation_executor.o(i.miio_send_response)
    i.miio_uart_destroy                      0x08004614   Section        0  miio_uart.o(i.miio_uart_destroy)
    i.miio_uart_instance_create              0x08004658   Section        0  miio_uart.o(i.miio_uart_instance_create)
    i.miio_xmodem_create_instance            0x080046a8   Section        0  xmodem.o(i.miio_xmodem_create_instance)
    i.on_action_invoke                       0x08004750   Section        0  on_action_invoke.o(i.on_action_invoke)
    i.on_property_get                        0x080047f4   Section        0  on_property_get.o(i.on_property_get)
    i.on_property_set                        0x080048b0   Section        0  on_property_set.o(i.on_property_set)
    i.print_value                            0x08004998   Section        0  print_value.o(i.print_value)
    i.property_operation_encode_param        0x08004af0   Section        0  property_operation_encoder.o(i.property_operation_encode_param)
    i.property_operation_encode_tail         0x08004c70   Section        0  property_operation_encoder.o(i.property_operation_encode_tail)
    i.property_value_delete                  0x08004d80   Section        0  property_value.o(i.property_value_delete)
    i.property_value_new                     0x08004da6   Section        0  property_value.o(i.property_value_new)
    i.property_value_new_boolean             0x08004dd0   Section        0  property_value.o(i.property_value_new_boolean)
    i.property_value_new_float               0x08004de6   Section        0  property_value.o(i.property_value_new_float)
    i.property_value_new_integer             0x08004e00   Section        0  property_value.o(i.property_value_new_integer)
    i.property_value_new_string              0x08004e1a   Section        0  property_value.o(i.property_value_new_string)
    i.send_error                             0x08004e44   Section        0  miio_api.o(i.send_error)
    i.send_error_code                        0x08004e94   Section        0  operation_executor.o(i.send_error_code)
    i.str_n_cat                              0x08004ee8   Section        0  util.o(i.str_n_cat)
    i.uart_comamnd_decoder                   0x08004f24   Section        0  uart_command_decoder.o(i.uart_comamnd_decoder)
    i.uart_command_config_arg                0x08004fe4   Section        0  miio_api.o(i.uart_command_config_arg)
    uart_command_config_arg                  0x08004fe5   Thumb Code    20  miio_api.o(i.uart_command_config_arg)
    i.uart_init                              0x08004ff8   Section        0  usart.o(i.uart_init)
    i.user_app_main                          0x08005098   Section        0  user_app_main.o(i.user_app_main)
    i.xmodem_cal_data_len                    0x080050f4   Section        0  xmodem.o(i.xmodem_cal_data_len)
    xmodem_cal_data_len                      0x080050f5   Thumb Code    46  xmodem.o(i.xmodem_cal_data_len)
    i.xmodem_check_crc                       0x08005122   Section        0  xmodem.o(i.xmodem_check_crc)
    xmodem_check_crc                         0x08005123   Thumb Code    76  xmodem.o(i.xmodem_check_crc)
    i.xmodem_check_packno                    0x0800516e   Section        0  xmodem.o(i.xmodem_check_packno)
    xmodem_check_packno                      0x0800516f   Thumb Code    66  xmodem.o(i.xmodem_check_packno)
    i.xmodem_print_crc_error                 0x080051b0   Section        0  xmodem.o(i.xmodem_print_crc_error)
    xmodem_print_crc_error                   0x080051b1   Thumb Code    98  xmodem.o(i.xmodem_print_crc_error)
    i.xmodem_print_data                      0x08005244   Section        0  xmodem.o(i.xmodem_print_data)
    xmodem_print_data                        0x08005245   Thumb Code    42  xmodem.o(i.xmodem_print_data)
    i.xmodem_print_header_info               0x08005288   Section        0  xmodem.o(i.xmodem_print_header_info)
    xmodem_print_header_info                 0x08005289   Thumb Code   214  xmodem.o(i.xmodem_print_header_info)
    i.xmodem_print_packno_error              0x080053b4   Section        0  xmodem.o(i.xmodem_print_packno_error)
    xmodem_print_packno_error                0x080053b5   Thumb Code    58  xmodem.o(i.xmodem_print_packno_error)
    i.xmodem_recv_data                       0x08005424   Section        0  xmodem.o(i.xmodem_recv_data)
    i.xmodem_recv_str                        0x08005928   Section        0  xmodem.o(i.xmodem_recv_str)
    xmodem_recv_str                          0x08005929   Thumb Code    24  xmodem.o(i.xmodem_recv_str)
    i.xmodem_send_byte                       0x08005944   Section        0  xmodem.o(i.xmodem_send_byte)
    xmodem_send_byte                         0x08005945   Thumb Code    20  xmodem.o(i.xmodem_send_byte)
    .constdata                               0x0800595c   Section        5  main.o(.constdata)
    __FUNCTION__                             0x0800595c   Data           5  main.o(.constdata)
    .constdata                               0x08005961   Section       45  xmodem.o(.constdata)
    __FUNCTION__                             0x08005961   Data          28  xmodem.o(.constdata)
    __FUNCTION__                             0x0800597d   Data          17  xmodem.o(.constdata)
    .constdata                               0x0800598e   Section       16  on_property_set.o(.constdata)
    __FUNCTION__                             0x0800598e   Data          16  on_property_set.o(.constdata)
    .constdata                               0x0800599e   Section       60  miio_api.o(.constdata)
    __FUNCTION__                             0x0800599e   Data          14  miio_api.o(.constdata)
    __FUNCTION__                             0x080059ac   Data          21  miio_api.o(.constdata)
    __FUNCTION__                             0x080059c1   Data          25  miio_api.o(.constdata)
    .constdata                               0x080059da   Section      114  operation_executor.o(.constdata)
    __FUNCTION__                             0x080059da   Data          16  operation_executor.o(.constdata)
    __FUNCTION__                             0x080059ea   Data          25  operation_executor.o(.constdata)
    __FUNCTION__                             0x08005a03   Data          27  operation_executor.o(.constdata)
    __FUNCTION__                             0x08005a1e   Data          26  operation_executor.o(.constdata)
    __FUNCTION__                             0x08005a38   Data          20  operation_executor.o(.constdata)
    .constdata                               0x08005a4c   Section       24  action_operation_decoder.o(.constdata)
    __FUNCTION__                             0x08005a4c   Data          24  action_operation_decoder.o(.constdata)
    .constdata                               0x08005a64   Section       29  action_operation_encoder.o(.constdata)
    __FUNCTION__                             0x08005a64   Data          29  action_operation_encoder.o(.constdata)
    .constdata                               0x08005a81   Section       31  property_operation_decoder.o(.constdata)
    __FUNCTION__                             0x08005a81   Data          31  property_operation_decoder.o(.constdata)
    .constdata                               0x08005aa0   Section       31  property_operation_encoder.o(.constdata)
    __FUNCTION__                             0x08005aa0   Data          31  property_operation_encoder.o(.constdata)
    .constdata                               0x08005abf   Section      129  ctype_o.o(.constdata)
    .constdata                               0x08005b40   Section        4  ctype_o.o(.constdata)
    table                                    0x08005b40   Data           4  ctype_o.o(.constdata)
    .conststring                             0x08005b44   Section      338  main.o(.conststring)
    .conststring                             0x08005c98   Section      135  xmodem.o(.conststring)
    .data                                    0x20000000   Section       20  stm32f10x_rcc.o(.data)
    APBAHBPrescTable                         0x20000000   Data          16  stm32f10x_rcc.o(.data)
    ADCPrescTable                            0x20000010   Data           4  stm32f10x_rcc.o(.data)
    .data                                    0x20000014   Section        4  main.o(.data)
    .data                                    0x20000018   Section       20  system_stm32f10x.o(.data)
    .data                                    0x2000002c   Section        4  delay.o(.data)
    systime_us                               0x2000002c   Data           1  delay.o(.data)
    systime_ms                               0x2000002e   Data           2  delay.o(.data)
    .data                                    0x20000030   Section        6  usart.o(.data)
    .data                                    0x20000038   Section        4  arch_dbg.o(.data)
    .data                                    0x2000003c   Section        4  xmodem.o(.data)
    miio_uart                                0x2000003c   Data           4  xmodem.o(.data)
    .data                                    0x20000040   Section        4  user_app_main.o(.data)
    cnt                                      0x20000040   Data           4  user_app_main.o(.data)
    .data                                    0x20000044   Section        4  strtok.o(.data)
    state                                    0x20000044   Data           4  strtok.o(.data)
    .data                                    0x20000048   Section        4  mvars.o(.data)
    .data                                    0x2000004c   Section        4  mvars.o(.data)
    .data                                    0x20000050   Section        4  errno.o(.data)
    _errno                                   0x20000050   Data           4  errno.o(.data)
    .bss                                     0x20000054   Section      256  usart.o(.bss)
    .bss                                     0x20000154   Section     1006  miio_uart.o(.bss)
    HEAP                                     0x20000548   Section     4096  startup_stm32f10x_hd.o(HEAP)
    STACK                                    0x20001548   Section     1024  startup_stm32f10x_hd.o(STACK)

    Global Symbols

    Symbol Name                              Value     Ov Type        Size  Object(Section)

    BuildAttributes$$THM_ISAv4$P$D$K$B$S$PE$A:L22UL41UL21$X:L11$S22US41US21$IEEE1$IW$USESV6$~STKCKD$USESV7$~SHL$OTIME$ROPI$IEEEJ$EBA8$MICROLIB$REQ8$PRES8$EABIv2 0x00000000   Number         0  anon$$obj.o ABSOLUTE
    __ARM_use_no_argv                        0x00000000   Number         0  main.o ABSOLUTE
    __use_no_errno                           0x00000000   Number         0  useno.o ABSOLUTE
    __use_no_exception_handling              0x00000000   Number         0  useno.o ABSOLUTE
    __use_no_fp                              0x00000000   Number         0  useno.o ABSOLUTE
    __use_no_heap                            0x00000000   Number         0  useno.o ABSOLUTE
    __use_no_heap_region                     0x00000000   Number         0  useno.o ABSOLUTE
    __use_no_semihosting                     0x00000000   Number         0  useno.o ABSOLUTE
    __use_no_semihosting_swi                 0x00000000   Number         0  useno.o ABSOLUTE
    __use_no_signal_handling                 0x00000000   Number         0  useno.o ABSOLUTE
    _printf_a                                0x00000000   Number         0  stubs.o ABSOLUTE
    _printf_c                                0x00000000   Number         0  stubs.o ABSOLUTE
    _printf_charcount                        0x00000000   Number         0  stubs.o ABSOLUTE
    _printf_d                                0x00000000   Number         0  stubs.o ABSOLUTE
    _printf_e                                0x00000000   Number         0  stubs.o ABSOLUTE
    _printf_f                                0x00000000   Number         0  stubs.o ABSOLUTE
    _printf_flags                            0x00000000   Number         0  stubs.o ABSOLUTE
    _printf_fp_dec                           0x00000000   Number         0  stubs.o ABSOLUTE
    _printf_fp_hex                           0x00000000   Number         0  stubs.o ABSOLUTE
    _printf_g                                0x00000000   Number         0  stubs.o ABSOLUTE
    _printf_i                                0x00000000   Number         0  stubs.o ABSOLUTE
    _printf_int_dec                          0x00000000   Number         0  stubs.o ABSOLUTE
    _printf_l                                0x00000000   Number         0  stubs.o ABSOLUTE
    _printf_lc                               0x00000000   Number         0  stubs.o ABSOLUTE
    _printf_ll                               0x00000000   Number         0  stubs.o ABSOLUTE
    _printf_lld                              0x00000000   Number         0  stubs.o ABSOLUTE
    _printf_lli                              0x00000000   Number         0  stubs.o ABSOLUTE
    _printf_llo                              0x00000000   Number         0  stubs.o ABSOLUTE
    _printf_llu                              0x00000000   Number         0  stubs.o ABSOLUTE
    _printf_llx                              0x00000000   Number         0  stubs.o ABSOLUTE
    _printf_longlong_dec                     0x00000000   Number         0  stubs.o ABSOLUTE
    _printf_longlong_hex                     0x00000000   Number         0  stubs.o ABSOLUTE
    _printf_longlong_oct                     0x00000000   Number         0  stubs.o ABSOLUTE
    _printf_ls                               0x00000000   Number         0  stubs.o ABSOLUTE
    _printf_mbtowc                           0x00000000   Number         0  stubs.o ABSOLUTE
    _printf_n                                0x00000000   Number         0  stubs.o ABSOLUTE
    _printf_o                                0x00000000   Number         0  stubs.o ABSOLUTE
    _printf_p                                0x00000000   Number         0  stubs.o ABSOLUTE
    _printf_percent                          0x00000000   Number         0  stubs.o ABSOLUTE
    _printf_pre_padding                      0x00000000   Number         0  stubs.o ABSOLUTE
    _printf_return_value                     0x00000000   Number         0  stubs.o ABSOLUTE
    _printf_s                                0x00000000   Number         0  stubs.o ABSOLUTE
    _printf_sizespec                         0x00000000   Number         0  stubs.o ABSOLUTE
    _printf_str                              0x00000000   Number         0  stubs.o ABSOLUTE
    _printf_truncate_signed                  0x00000000   Number         0  stubs.o ABSOLUTE
    _printf_truncate_unsigned                0x00000000   Number         0  stubs.o ABSOLUTE
    _printf_u                                0x00000000   Number         0  stubs.o ABSOLUTE
    _printf_wc                               0x00000000   Number         0  stubs.o ABSOLUTE
    _printf_wctomb                           0x00000000   Number         0  stubs.o ABSOLUTE
    _printf_widthprec                        0x00000000   Number         0  stubs.o ABSOLUTE
    _printf_x                                0x00000000   Number         0  stubs.o ABSOLUTE
    __cpp_initialize__aeabi_                  - Undefined Weak Reference
    __cxa_finalize                            - Undefined Weak Reference
    __decompress                              - Undefined Weak Reference
    _clock_init                               - Undefined Weak Reference
    _microlib_exit                            - Undefined Weak Reference
    __Vectors_Size                           0x00000130   Number         0  startup_stm32f10x_hd.o ABSOLUTE
    __Vectors                                0x08000000   Data           4  startup_stm32f10x_hd.o(RESET)
    __Vectors_End                            0x08000130   Data           0  startup_stm32f10x_hd.o(RESET)
    __main                                   0x08000131   Thumb Code     0  entry.o(.ARM.Collect$$$$00000000)
    _main_stk                                0x08000131   Thumb Code     0  entry2.o(.ARM.Collect$$$$00000001)
    _main_scatterload                        0x08000135   Thumb Code     0  entry5.o(.ARM.Collect$$$$00000004)
    __main_after_scatterload                 0x08000139   Thumb Code     0  entry5.o(.ARM.Collect$$$$00000004)
    _main_clock                              0x08000139   Thumb Code     0  entry7b.o(.ARM.Collect$$$$00000008)
    _main_cpp_init                           0x08000139   Thumb Code     0  entry8b.o(.ARM.Collect$$$$0000000A)
    _main_init                               0x08000139   Thumb Code     0  entry9a.o(.ARM.Collect$$$$0000000B)
    __rt_final_cpp                           0x08000141   Thumb Code     0  entry10a.o(.ARM.Collect$$$$0000000D)
    __rt_final_exit                          0x08000141   Thumb Code     0  entry11a.o(.ARM.Collect$$$$0000000F)
    Reset_Handler                            0x08000145   Thumb Code     8  startup_stm32f10x_hd.o(.text)
    ADC1_2_IRQHandler                        0x0800015f   Thumb Code     0  startup_stm32f10x_hd.o(.text)
    ADC3_IRQHandler                          0x0800015f   Thumb Code     0  startup_stm32f10x_hd.o(.text)
    CAN1_RX1_IRQHandler                      0x0800015f   Thumb Code     0  startup_stm32f10x_hd.o(.text)
    CAN1_SCE_IRQHandler                      0x0800015f   Thumb Code     0  startup_stm32f10x_hd.o(.text)
    DMA1_Channel1_IRQHandler                 0x0800015f   Thumb Code     0  startup_stm32f10x_hd.o(.text)
    DMA1_Channel2_IRQHandler                 0x0800015f   Thumb Code     0  startup_stm32f10x_hd.o(.text)
    DMA1_Channel3_IRQHandler                 0x0800015f   Thumb Code     0  startup_stm32f10x_hd.o(.text)
    DMA1_Channel4_IRQHandler                 0x0800015f   Thumb Code     0  startup_stm32f10x_hd.o(.text)
    DMA1_Channel5_IRQHandler                 0x0800015f   Thumb Code     0  startup_stm32f10x_hd.o(.text)
    DMA1_Channel6_IRQHandler                 0x0800015f   Thumb Code     0  startup_stm32f10x_hd.o(.text)
    DMA1_Channel7_IRQHandler                 0x0800015f   Thumb Code     0  startup_stm32f10x_hd.o(.text)
    DMA2_Channel1_IRQHandler                 0x0800015f   Thumb Code     0  startup_stm32f10x_hd.o(.text)
    DMA2_Channel2_IRQHandler                 0x0800015f   Thumb Code     0  startup_stm32f10x_hd.o(.text)
    DMA2_Channel3_IRQHandler                 0x0800015f   Thumb Code     0  startup_stm32f10x_hd.o(.text)
    DMA2_Channel4_5_IRQHandler               0x0800015f   Thumb Code     0  startup_stm32f10x_hd.o(.text)
    EXTI0_IRQHandler                         0x0800015f   Thumb Code     0  startup_stm32f10x_hd.o(.text)
    EXTI15_10_IRQHandler                     0x0800015f   Thumb Code     0  startup_stm32f10x_hd.o(.text)
    EXTI1_IRQHandler                         0x0800015f   Thumb Code     0  startup_stm32f10x_hd.o(.text)
    EXTI2_IRQHandler                         0x0800015f   Thumb Code     0  startup_stm32f10x_hd.o(.text)
    EXTI3_IRQHandler                         0x0800015f   Thumb Code     0  startup_stm32f10x_hd.o(.text)
    EXTI4_IRQHandler                         0x0800015f   Thumb Code     0  startup_stm32f10x_hd.o(.text)
    EXTI9_5_IRQHandler                       0x0800015f   Thumb Code     0  startup_stm32f10x_hd.o(.text)
    FLASH_IRQHandler                         0x0800015f   Thumb Code     0  startup_stm32f10x_hd.o(.text)
    FSMC_IRQHandler                          0x0800015f   Thumb Code     0  startup_stm32f10x_hd.o(.text)
    I2C1_ER_IRQHandler                       0x0800015f   Thumb Code     0  startup_stm32f10x_hd.o(.text)
    I2C1_EV_IRQHandler                       0x0800015f   Thumb Code     0  startup_stm32f10x_hd.o(.text)
    I2C2_ER_IRQHandler                       0x0800015f   Thumb Code     0  startup_stm32f10x_hd.o(.text)
    I2C2_EV_IRQHandler                       0x0800015f   Thumb Code     0  startup_stm32f10x_hd.o(.text)
    PVD_IRQHandler                           0x0800015f   Thumb Code     0  startup_stm32f10x_hd.o(.text)
    RCC_IRQHandler                           0x0800015f   Thumb Code     0  startup_stm32f10x_hd.o(.text)
    RTCAlarm_IRQHandler                      0x0800015f   Thumb Code     0  startup_stm32f10x_hd.o(.text)
    RTC_IRQHandler                           0x0800015f   Thumb Code     0  startup_stm32f10x_hd.o(.text)
    SDIO_IRQHandler                          0x0800015f   Thumb Code     0  startup_stm32f10x_hd.o(.text)
    SPI1_IRQHandler                          0x0800015f   Thumb Code     0  startup_stm32f10x_hd.o(.text)
    SPI2_IRQHandler                          0x0800015f   Thumb Code     0  startup_stm32f10x_hd.o(.text)
    SPI3_IRQHandler                          0x0800015f   Thumb Code     0  startup_stm32f10x_hd.o(.text)
    TAMPER_IRQHandler                        0x0800015f   Thumb Code     0  startup_stm32f10x_hd.o(.text)
    TIM1_BRK_IRQHandler                      0x0800015f   Thumb Code     0  startup_stm32f10x_hd.o(.text)
    TIM1_CC_IRQHandler                       0x0800015f   Thumb Code     0  startup_stm32f10x_hd.o(.text)
    TIM1_TRG_COM_IRQHandler                  0x0800015f   Thumb Code     0  startup_stm32f10x_hd.o(.text)
    TIM1_UP_IRQHandler                       0x0800015f   Thumb Code     0  startup_stm32f10x_hd.o(.text)
    TIM2_IRQHandler                          0x0800015f   Thumb Code     0  startup_stm32f10x_hd.o(.text)
    TIM3_IRQHandler                          0x0800015f   Thumb Code     0  startup_stm32f10x_hd.o(.text)
    TIM4_IRQHandler                          0x0800015f   Thumb Code     0  startup_stm32f10x_hd.o(.text)
    TIM5_IRQHandler                          0x0800015f   Thumb Code     0  startup_stm32f10x_hd.o(.text)
    TIM6_IRQHandler                          0x0800015f   Thumb Code     0  startup_stm32f10x_hd.o(.text)
    TIM7_IRQHandler                          0x0800015f   Thumb Code     0  startup_stm32f10x_hd.o(.text)
    TIM8_BRK_IRQHandler                      0x0800015f   Thumb Code     0  startup_stm32f10x_hd.o(.text)
    TIM8_CC_IRQHandler                       0x0800015f   Thumb Code     0  startup_stm32f10x_hd.o(.text)
    TIM8_TRG_COM_IRQHandler                  0x0800015f   Thumb Code     0  startup_stm32f10x_hd.o(.text)
    TIM8_UP_IRQHandler                       0x0800015f   Thumb Code     0  startup_stm32f10x_hd.o(.text)
    UART4_IRQHandler                         0x0800015f   Thumb Code     0  startup_stm32f10x_hd.o(.text)
    UART5_IRQHandler                         0x0800015f   Thumb Code     0  startup_stm32f10x_hd.o(.text)
    USART3_IRQHandler                        0x0800015f   Thumb Code     0  startup_stm32f10x_hd.o(.text)
    USBWakeUp_IRQHandler                     0x0800015f   Thumb Code     0  startup_stm32f10x_hd.o(.text)
    USB_HP_CAN1_TX_IRQHandler                0x0800015f   Thumb Code     0  startup_stm32f10x_hd.o(.text)
    USB_LP_CAN1_RX0_IRQHandler               0x0800015f   Thumb Code     0  startup_stm32f10x_hd.o(.text)
    WWDG_IRQHandler                          0x0800015f   Thumb Code     0  startup_stm32f10x_hd.o(.text)
    __aeabi_uldivmod                         0x08000169   Thumb Code    98  uldiv.o(.text)
    __rt_ctype_table                         0x080001cd   Thumb Code     4  ctype_o.o(.text)
    isspace                                  0x080001d5   Thumb Code    18  isspace_o.o(.text)
    __aeabi_memcpy                           0x080001e7   Thumb Code    36  memcpya.o(.text)
    __aeabi_memcpy4                          0x080001e7   Thumb Code     0  memcpya.o(.text)
    __aeabi_memcpy8                          0x080001e7   Thumb Code     0  memcpya.o(.text)
    __aeabi_memset                           0x0800020b   Thumb Code    14  memseta.o(.text)
    __aeabi_memset4                          0x0800020b   Thumb Code     0  memseta.o(.text)
    __aeabi_memset8                          0x0800020b   Thumb Code     0  memseta.o(.text)
    __aeabi_memclr                           0x08000219   Thumb Code     4  memseta.o(.text)
    __aeabi_memclr4                          0x08000219   Thumb Code     0  memseta.o(.text)
    __aeabi_memclr8                          0x08000219   Thumb Code     0  memseta.o(.text)
    _memset$wrapper                          0x0800021d   Thumb Code    18  memseta.o(.text)
    strcat                                   0x0800022f   Thumb Code    24  strcat.o(.text)
    strncpy                                  0x08000247   Thumb Code    24  strncpy.o(.text)
    strchr                                   0x0800025f   Thumb Code    20  strchr.o(.text)
    strlen                                   0x08000273   Thumb Code    14  strlen.o(.text)
    strcmp                                   0x08000281   Thumb Code    28  strcmp.o(.text)
    strncat                                  0x0800029d   Thumb Code    40  strncat.o(.text)
    strncmp                                  0x080002c5   Thumb Code    30  strncmp.o(.text)
    strtok                                   0x080002e5   Thumb Code    62  strtok.o(.text)
    calloc                                   0x08000329   Thumb Code    28  calloc.o(.text)
    atoi                                     0x08000345   Thumb Code    26  atoi.o(.text)
    __aeabi_dadd                             0x0800035f   Thumb Code   322  dadd.o(.text)
    __aeabi_dsub                             0x080004a1   Thumb Code     6  dadd.o(.text)
    __aeabi_drsub                            0x080004a7   Thumb Code     6  dadd.o(.text)
    __aeabi_dmul                             0x080004ad   Thumb Code   228  dmul.o(.text)
    __aeabi_ddiv                             0x08000591   Thumb Code   222  ddiv.o(.text)
    __aeabi_f2d                              0x0800066f   Thumb Code    38  f2d.o(.text)
    __aeabi_d2f                              0x08000695   Thumb Code    56  d2f.o(.text)
    __aeabi_uidiv                            0x080006cd   Thumb Code     0  uidiv.o(.text)
    __aeabi_uidivmod                         0x080006cd   Thumb Code    44  uidiv.o(.text)
    __aeabi_llsl                             0x080006f9   Thumb Code    30  llshl.o(.text)
    _ll_shift_l                              0x080006f9   Thumb Code     0  llshl.o(.text)
    __aeabi_llsr                             0x08000717   Thumb Code    32  llushr.o(.text)
    _ll_ushift_r                             0x08000717   Thumb Code     0  llushr.o(.text)
    __aeabi_lasr                             0x08000737   Thumb Code    36  llsshr.o(.text)
    _ll_sshift_r                             0x08000737   Thumb Code     0  llsshr.o(.text)
    __strtod_int                             0x08000793   Thumb Code    88  strtod.o(.text)
    strtol                                   0x080007f9   Thumb Code   112  strtol.o(.text)
    __I$use$fp                               0x08000869   Thumb Code     0  iusefp.o(.text)
    _float_round                             0x08000869   Thumb Code    18  fepilogue.o(.text)
    _float_epilogue                          0x0800087b   Thumb Code    92  fepilogue.o(.text)
    _double_round                            0x080008d7   Thumb Code    30  depilogue.o(.text)
    _double_epilogue                         0x080008f5   Thumb Code   156  depilogue.o(.text)
    __aeabi_d2ulz                            0x08000991   Thumb Code    48  dfixul.o(.text)
    __aeabi_cdrcmple                         0x080009c1   Thumb Code    48  cdrcmple.o(.text)
    __scatterload                            0x080009f1   Thumb Code    28  init.o(.text)
    __scatterload_rt2                        0x080009f1   Thumb Code     0  init.o(.text)
    _scanf_real                              0x08000b15   Thumb Code     0  scanf_fp.o(.text)
    _scanf_really_real                       0x08000b15   Thumb Code   556  scanf_fp.o(.text)
    _sgetc                                   0x08000d4d   Thumb Code    30  _sgetc.o(.text)
    _sbackspace                              0x08000d6b   Thumb Code    34  _sgetc.o(.text)
    _strtoul                                 0x08000d8d   Thumb Code   158  _strtoul.o(.text)
    _chval                                   0x08000e2b   Thumb Code    28  _chval.o(.text)
    __aeabi_ul2d                             0x08000e47   Thumb Code    24  dfltul.o(.text)
    BusFault_Handler                         0x08000e5f   Thumb Code     4  stm32f10x_it.o(i.BusFault_Handler)
    DebugMon_Handler                         0x08000e63   Thumb Code     2  stm32f10x_it.o(i.DebugMon_Handler)
    GPIO_Init                                0x08000e65   Thumb Code   278  stm32f10x_gpio.o(i.GPIO_Init)
    GPIO_ReadInputDataBit                    0x08000f7b   Thumb Code    18  stm32f10x_gpio.o(i.GPIO_ReadInputDataBit)
    HardFault_Handler                        0x08000f8d   Thumb Code     4  stm32f10x_it.o(i.HardFault_Handler)
    KEY_Init                                 0x08000f91   Thumb Code    32  key.o(i.KEY_Init)
    MemManage_Handler                        0x08000fb5   Thumb Code     4  stm32f10x_it.o(i.MemManage_Handler)
    NMI_Handler                              0x08000fb9   Thumb Code     2  stm32f10x_it.o(i.NMI_Handler)
    NVIC_Init                                0x08000fbd   Thumb Code   100  misc.o(i.NVIC_Init)
    NVIC_PriorityGroupConfig                 0x0800102d   Thumb Code    10  misc.o(i.NVIC_PriorityGroupConfig)
    PendSV_Handler                           0x08001115   Thumb Code     2  stm32f10x_it.o(i.PendSV_Handler)
    RCC_APB1PeriphClockCmd                   0x08001119   Thumb Code    26  stm32f10x_rcc.o(i.RCC_APB1PeriphClockCmd)
    RCC_APB2PeriphClockCmd                   0x08001139   Thumb Code    26  stm32f10x_rcc.o(i.RCC_APB2PeriphClockCmd)
    RCC_DeInit                               0x08001159   Thumb Code    64  stm32f10x_rcc.o(i.RCC_DeInit)
    RCC_GetClocksFreq                        0x080011a5   Thumb Code   192  stm32f10x_rcc.o(i.RCC_GetClocksFreq)
    RCC_GetFlagStatus                        0x08001279   Thumb Code    56  stm32f10x_rcc.o(i.RCC_GetFlagStatus)
    RCC_GetSYSCLKSource                      0x080012b5   Thumb Code    10  stm32f10x_rcc.o(i.RCC_GetSYSCLKSource)
    RCC_HCLKConfig                           0x080012c5   Thumb Code    18  stm32f10x_rcc.o(i.RCC_HCLKConfig)
    RCC_HSICmd                               0x080012dd   Thumb Code     6  stm32f10x_rcc.o(i.RCC_HSICmd)
    RCC_PCLK1Config                          0x080012e9   Thumb Code    18  stm32f10x_rcc.o(i.RCC_PCLK1Config)
    RCC_PCLK2Config                          0x08001301   Thumb Code    20  stm32f10x_rcc.o(i.RCC_PCLK2Config)
    RCC_PLLCmd                               0x08001319   Thumb Code     6  stm32f10x_rcc.o(i.RCC_PLLCmd)
    RCC_PLLConfig                            0x08001325   Thumb Code    24  stm32f10x_rcc.o(i.RCC_PLLConfig)
    RCC_SYSCLKConfig                         0x08001341   Thumb Code    18  stm32f10x_rcc.o(i.RCC_SYSCLKConfig)
    SVC_Handler                              0x08001359   Thumb Code     2  stm32f10x_it.o(i.SVC_Handler)
    S_1_DeviceInformation_doGet              0x0800135b   Thumb Code    72  s_1_deviceinformation_doget.o(i.S_1_DeviceInformation_doGet)
    S_2_SwitchSensor_doGet                   0x080013a3   Thumb Code    30  s_2_switchsensor_doget.o(i.S_2_SwitchSensor_doGet)
    S_2_SwitchSensor_doSet                   0x080013c1   Thumb Code    28  s_2_switchsensor_doset.o(i.S_2_SwitchSensor_doSet)
    SysTick_CLKSourceConfig                  0x080013e1   Thumb Code    40  misc.o(i.SysTick_CLKSourceConfig)
    SysTick_Handler                          0x08001409   Thumb Code     2  stm32f10x_it.o(i.SysTick_Handler)
    SystemInit                               0x0800140d   Thumb Code   122  system_stm32f10x.o(i.SystemInit)
    TIM1_PWM_Init                            0x0800148d   Thumb Code   144  servo.o(i.TIM1_PWM_Init)
    TIM_ARRPreloadConfig                     0x08001525   Thumb Code    24  stm32f10x_tim.o(i.TIM_ARRPreloadConfig)
    TIM_Cmd                                  0x0800153d   Thumb Code    24  stm32f10x_tim.o(i.TIM_Cmd)
    TIM_CtrlPWMOutputs                       0x08001555   Thumb Code    30  stm32f10x_tim.o(i.TIM_CtrlPWMOutputs)
    TIM_OC1Init                              0x08001575   Thumb Code   132  stm32f10x_tim.o(i.TIM_OC1Init)
    TIM_OC1PreloadConfig                     0x0800160d   Thumb Code    18  stm32f10x_tim.o(i.TIM_OC1PreloadConfig)
    TIM_SetCompare1                          0x0800161f   Thumb Code     4  stm32f10x_tim.o(i.TIM_SetCompare1)
    TIM_TimeBaseInit                         0x08001625   Thumb Code   122  stm32f10x_tim.o(i.TIM_TimeBaseInit)
    USART1_IRQHandler                        0x080016c9   Thumb Code   122  usart.o(i.USART1_IRQHandler)
    USART2_IRQHandler                        0x08001751   Thumb Code    40  arch_uart.o(i.USART2_IRQHandler)
    USART_ClearITPendingBit                  0x0800177d   Thumb Code    30  stm32f10x_usart.o(i.USART_ClearITPendingBit)
    USART_Cmd                                0x0800179b   Thumb Code    24  stm32f10x_usart.o(i.USART_Cmd)
    USART_GetFlagStatus                      0x080017b3   Thumb Code    26  stm32f10x_usart.o(i.USART_GetFlagStatus)
    USART_GetITStatus                        0x080017cd   Thumb Code    84  stm32f10x_usart.o(i.USART_GetITStatus)
    USART_ITConfig                           0x08001821   Thumb Code    74  stm32f10x_usart.o(i.USART_ITConfig)
    USART_Init                               0x0800186d   Thumb Code   210  stm32f10x_usart.o(i.USART_Init)
    USART_ReceiveData                        0x08001945   Thumb Code    10  stm32f10x_usart.o(i.USART_ReceiveData)
    USART_SendData                           0x0800194f   Thumb Code     8  stm32f10x_usart.o(i.USART_SendData)
    UsageFault_Handler                       0x08001957   Thumb Code     4  stm32f10x_it.o(i.UsageFault_Handler)
    _Xmodem_recv_str                         0x0800195b   Thumb Code    60  arch_uart.o(i._Xmodem_recv_str)
    __0printf                                0x08001999   Thumb Code    22  printfa.o(i.__0printf)
    __1printf                                0x08001999   Thumb Code     0  printfa.o(i.__0printf)
    __2printf                                0x08001999   Thumb Code     0  printfa.o(i.__0printf)
    __c89printf                              0x08001999   Thumb Code     0  printfa.o(i.__0printf)
    printf                                   0x08001999   Thumb Code     0  printfa.o(i.__0printf)
    __0snprintf                              0x080019b9   Thumb Code    36  printfa.o(i.__0snprintf)
    __1snprintf                              0x080019b9   Thumb Code     0  printfa.o(i.__0snprintf)
    __2snprintf                              0x080019b9   Thumb Code     0  printfa.o(i.__0snprintf)
    __c89snprintf                            0x080019b9   Thumb Code     0  printfa.o(i.__0snprintf)
    snprintf                                 0x080019b9   Thumb Code     0  printfa.o(i.__0snprintf)
    __aeabi_errno_addr                       0x080019e1   Thumb Code     4  errno.o(i.__aeabi_errno_addr)
    __rt_errno_addr                          0x080019e1   Thumb Code     0  errno.o(i.__aeabi_errno_addr)
    __read_errno                             0x080019e9   Thumb Code     6  errno.o(i.__read_errno)
    __scatterload_copy                       0x080019f5   Thumb Code    14  handlers.o(i.__scatterload_copy)
    __scatterload_null                       0x08001a03   Thumb Code     2  handlers.o(i.__scatterload_null)
    __scatterload_zeroinit                   0x08001a05   Thumb Code    14  handlers.o(i.__scatterload_zeroinit)
    __set_errno                              0x08001a15   Thumb Code     6  errno.o(i.__set_errno)
    _is_digit                                0x08001b85   Thumb Code    14  scanf_fp.o(i._is_digit)
    _read_ringbuff                           0x080023d1   Thumb Code    80  miio_uart.o(i._read_ringbuff)
    _uart_init                               0x0800243d   Thumb Code   182  arch_uart.o(i._uart_init)
    _uart_interrupt                          0x080024fd   Thumb Code    34  arch_uart.o(i._uart_interrupt)
    _uart_recv_byte                          0x08002525   Thumb Code    34  arch_uart.o(i._uart_recv_byte)
    _uart_recv_str                           0x08002549   Thumb Code   228  arch_uart.o(i._uart_recv_str)
    _uart_send_byte                          0x080026a5   Thumb Code   120  arch_uart.o(i._uart_send_byte)
    _uart_send_str                           0x0800276d   Thumb Code   156  arch_uart.o(i._uart_send_str)
    _uart_send_str_wait_ack                  0x08002851   Thumb Code   238  arch_uart.o(i._uart_send_str_wait_ack)
    _write_ringbuff                          0x080029c9   Thumb Code    68  miio_uart.o(i._write_ringbuff)
    action_operation_decode                  0x08002a11   Thumb Code   310  action_operation_decoder.o(i.action_operation_decode)
    action_operation_delete                  0x08002bbd   Thumb Code    32  action_operation.o(i.action_operation_delete)
    action_operation_encode_param            0x08002bdd   Thumb Code   486  action_operation_encoder.o(i.action_operation_encode_param)
    action_operation_encode_tail             0x08002de5   Thumb Code    98  action_operation_encoder.o(i.action_operation_encode_tail)
    action_operation_new                     0x08002ef5   Thumb Code    82  action_operation.o(i.action_operation_new)
    app_func_is_ota_busy                     0x08002f47   Thumb Code     6  user_app_func.o(i.app_func_is_ota_busy)
    app_func_net_change                      0x08002f4d   Thumb Code     6  user_app_func.o(i.app_func_net_change)
    app_func_restore                         0x08002f55   Thumb Code    84  user_app_func.o(i.app_func_restore)
    arch_mcu_init                            0x08002fd1   Thumb Code    46  arch_init.o(i.arch_mcu_init)
    arch_os_mutex_deinit                     0x0800303d   Thumb Code     2  arch_os.o(i.arch_os_mutex_deinit)
    arch_os_mutex_get                        0x0800303f   Thumb Code     2  arch_os.o(i.arch_os_mutex_get)
    arch_os_mutex_init                       0x08003041   Thumb Code     2  arch_os.o(i.arch_os_mutex_init)
    arch_os_mutex_put                        0x08003043   Thumb Code     2  arch_os.o(i.arch_os_mutex_put)
    arch_ota_func                            0x08003045   Thumb Code     6  arch_ota.o(i.arch_ota_func)
    arch_printf_begin                        0x0800304b   Thumb Code     2  arch_dbg.o(i.arch_printf_begin)
    arch_printf_end                          0x0800304d   Thumb Code    10  arch_dbg.o(i.arch_printf_end)
    arguments_delete                         0x0800305d   Thumb Code    60  arguments.o(i.arguments_delete)
    arguments_new                            0x08003099   Thumb Code    38  arguments.o(i.arguments_new)
    atof                                     0x080030bf   Thumb Code    42  atof.o(i.atof)
    delay_init                               0x08003129   Thumb Code    50  delay.o(i.delay_init)
    delay_ms                                 0x0800316d   Thumb Code    72  delay.o(i.delay_ms)
    delay_us                                 0x080031b9   Thumb Code    72  delay.o(i.delay_us)
    do_get_properties                        0x08003205   Thumb Code    60  main.o(i.do_get_properties)
    do_invoke_action                         0x08003251   Thumb Code    62  main.o(i.do_invoke_action)
    do_invoke_none                           0x080032a1   Thumb Code    36  main.o(i.do_invoke_none)
    do_invoke_ota                            0x080032d5   Thumb Code   100  main.o(i.do_invoke_ota)
    do_net_changed                           0x08003359   Thumb Code    66  main.o(i.do_net_changed)
    do_req_error                             0x080033b5   Thumb Code    50  miio_api.o(i.do_req_error)
    do_set_properties                        0x080033e9   Thumb Code    60  main.o(i.do_set_properties)
    execute_action_invocation                0x08003435   Thumb Code   334  operation_executor.o(i.execute_action_invocation)
    execute_ota_operation                    0x08003659   Thumb Code    58  ota.o(i.execute_ota_operation)
    execute_property_operation               0x080036a5   Thumb Code   406  operation_executor.o(i.execute_property_operation)
    fputc                                    0x080038e1   Thumb Code    24  usart.o(i.fputc)
    free                                     0x080038fd   Thumb Code    76  malloc.o(i.free)
    main                                     0x0800394d   Thumb Code   326  main.o(i.main)
    malloc                                   0x08003bb9   Thumb Code    92  malloc.o(i.malloc)
    miio_cmd_method_register                 0x08003cf9   Thumb Code   124  miio_api.o(i.miio_cmd_method_register)
    miio_command_handle_loop                 0x08003e25   Thumb Code   484  miio_api.o(i.miio_command_handle_loop)
    miio_instance_add_uart                   0x08004209   Thumb Code    46  miio_api.o(i.miio_instance_add_uart)
    miio_instance_add_xmodem                 0x08004255   Thumb Code    26  miio_api.o(i.miio_instance_add_xmodem)
    miio_instance_create                     0x08004271   Thumb Code    76  miio_api.o(i.miio_instance_create)
    miio_instance_destroy                    0x0800431d   Thumb Code   166  miio_api.o(i.miio_instance_destroy)
    miio_property_operation_decode           0x0800441d   Thumb Code   292  property_operation_decoder.o(i.miio_property_operation_decode)
    miio_property_operation_delete           0x080045b5   Thumb Code    22  property_operation.o(i.miio_property_operation_delete)
    miio_property_operation_new              0x080045cb   Thumb Code    44  property_operation.o(i.miio_property_operation_new)
    miio_uart_destroy                        0x08004615   Thumb Code    26  miio_uart.o(i.miio_uart_destroy)
    miio_uart_instance_create                0x08004659   Thumb Code    78  miio_uart.o(i.miio_uart_instance_create)
    miio_xmodem_create_instance              0x080046a9   Thumb Code    62  xmodem.o(i.miio_xmodem_create_instance)
    on_action_invoke                         0x08004751   Thumb Code    98  on_action_invoke.o(i.on_action_invoke)
    on_property_get                          0x080047f5   Thumb Code   124  on_property_get.o(i.on_property_get)
    on_property_set                          0x080048b1   Thumb Code   104  on_property_set.o(i.on_property_set)
    print_value                              0x08004999   Thumb Code   196  print_value.o(i.print_value)
    property_operation_encode_param          0x08004af1   Thumb Code   352  property_operation_encoder.o(i.property_operation_encode_param)
    property_operation_encode_tail           0x08004c71   Thumb Code    98  property_operation_encoder.o(i.property_operation_encode_tail)
    property_value_delete                    0x08004d81   Thumb Code    38  property_value.o(i.property_value_delete)
    property_value_new                       0x08004da7   Thumb Code    42  property_value.o(i.property_value_new)
    property_value_new_boolean               0x08004dd1   Thumb Code    22  property_value.o(i.property_value_new_boolean)
    property_value_new_float                 0x08004de7   Thumb Code    26  property_value.o(i.property_value_new_float)
    property_value_new_integer               0x08004e01   Thumb Code    26  property_value.o(i.property_value_new_integer)
    property_value_new_string                0x08004e1b   Thumb Code    42  property_value.o(i.property_value_new_string)
    send_error                               0x08004e45   Thumb Code    66  miio_api.o(i.send_error)
    send_error_code                          0x08004e95   Thumb Code    74  operation_executor.o(i.send_error_code)
    str_n_cat                                0x08004ee9   Thumb Code    58  util.o(i.str_n_cat)
    uart_comamnd_decoder                     0x08004f25   Thumb Code   178  uart_command_decoder.o(i.uart_comamnd_decoder)
    uart_init                                0x08004ff9   Thumb Code   152  usart.o(i.uart_init)
    user_app_main                            0x08005099   Thumb Code    84  user_app_main.o(i.user_app_main)
    xmodem_recv_data                         0x08005425   Thumb Code   878  xmodem.o(i.xmodem_recv_data)
    __ctype_table                            0x08005abf   Data         129  ctype_o.o(.constdata)
    Region$$Table$$Base                      0x08005d20   Number         0  anon$$obj.o(Region$$Table)
    Region$$Table$$Limit                     0x08005d40   Number         0  anon$$obj.o(Region$$Table)
    miio_handle                              0x20000014   Data           4  main.o(.data)
    SystemCoreClock                          0x20000018   Data           4  system_stm32f10x.o(.data)
    AHBPrescTable                            0x2000001c   Data          16  system_stm32f10x.o(.data)
    __stdout                                 0x20000030   Data           4  usart.o(.data)
    USART_RX_STATE                           0x20000034   Data           2  usart.o(.data)
    g_log_level                              0x20000038   Data           4  arch_dbg.o(.data)
    __microlib_freelist                      0x20000048   Data           4  mvars.o(.data)
    __microlib_freelist_initialised          0x2000004c   Data           4  mvars.o(.data)
    USART_RX_BUFFER                          0x20000054   Data         256  usart.o(.bss)
    ring_buff                                0x20000154   Data        1006  miio_uart.o(.bss)
    __heap_base                              0x20000548   Data           0  startup_stm32f10x_hd.o(HEAP)
    __heap_limit                             0x20001548   Data           0  startup_stm32f10x_hd.o(HEAP)
    __initial_sp                             0x20001948   Data           0  startup_stm32f10x_hd.o(STACK)



==============================================================================

Memory Map of the image

  Image Entry point : 0x08000131

  Load Region LR_IROM1 (Base: 0x08000000, Size: 0x00005d94, Max: 0x00040000, ABSOLUTE)

    Execution Region ER_IROM1 (Base: 0x08000000, Size: 0x00005d40, Max: 0x00040000, ABSOLUTE)

    Base Addr    Size         Type   Attr      Idx    E Section Name        Object

    0x08000000   0x00000130   Data   RO           19    RESET               startup_stm32f10x_hd.o
    0x08000130   0x00000000   Code   RO         4655  * .ARM.Collect$$$$00000000  mc_w.l(entry.o)
    0x08000130   0x00000004   Code   RO         5019    .ARM.Collect$$$$00000001  mc_w.l(entry2.o)
    0x08000134   0x00000004   Code   RO         5022    .ARM.Collect$$$$00000004  mc_w.l(entry5.o)
    0x08000138   0x00000000   Code   RO         5024    .ARM.Collect$$$$00000008  mc_w.l(entry7b.o)
    0x08000138   0x00000000   Code   RO         5026    .ARM.Collect$$$$0000000A  mc_w.l(entry8b.o)
    0x08000138   0x00000008   Code   RO         5027    .ARM.Collect$$$$0000000B  mc_w.l(entry9a.o)
    0x08000140   0x00000000   Code   RO         5029    .ARM.Collect$$$$0000000D  mc_w.l(entry10a.o)
    0x08000140   0x00000000   Code   RO         5031    .ARM.Collect$$$$0000000F  mc_w.l(entry11a.o)
    0x08000140   0x00000004   Code   RO         5020    .ARM.Collect$$$$00002712  mc_w.l(entry2.o)
    0x08000144   0x00000024   Code   RO           20    .text               startup_stm32f10x_hd.o
    0x08000168   0x00000062   Code   RO         4658    .text               mc_w.l(uldiv.o)
    0x080001ca   0x00000002   PAD
    0x080001cc   0x00000008   Code   RO         4660    .text               mc_w.l(ctype_o.o)
    0x080001d4   0x00000012   Code   RO         4682    .text               mc_w.l(isspace_o.o)
    0x080001e6   0x00000024   Code   RO         4688    .text               mc_w.l(memcpya.o)
    0x0800020a   0x00000024   Code   RO         4690    .text               mc_w.l(memseta.o)
    0x0800022e   0x00000018   Code   RO         4692    .text               mc_w.l(strcat.o)
    0x08000246   0x00000018   Code   RO         4694    .text               mc_w.l(strncpy.o)
    0x0800025e   0x00000014   Code   RO         4696    .text               mc_w.l(strchr.o)
    0x08000272   0x0000000e   Code   RO         4698    .text               mc_w.l(strlen.o)
    0x08000280   0x0000001c   Code   RO         4700    .text               mc_w.l(strcmp.o)
    0x0800029c   0x00000028   Code   RO         4702    .text               mc_w.l(strncat.o)
    0x080002c4   0x0000001e   Code   RO         4704    .text               mc_w.l(strncmp.o)
    0x080002e2   0x00000002   PAD
    0x080002e4   0x00000044   Code   RO         4706    .text               mc_w.l(strtok.o)
    0x08000328   0x0000001c   Code   RO         5003    .text               mc_w.l(calloc.o)
    0x08000344   0x0000001a   Code   RO         5005    .text               mc_w.l(atoi.o)
    0x0800035e   0x0000014e   Code   RO         5007    .text               mf_w.l(dadd.o)
    0x080004ac   0x000000e4   Code   RO         5009    .text               mf_w.l(dmul.o)
    0x08000590   0x000000de   Code   RO         5011    .text               mf_w.l(ddiv.o)
    0x0800066e   0x00000026   Code   RO         5015    .text               mf_w.l(f2d.o)
    0x08000694   0x00000038   Code   RO         5017    .text               mf_w.l(d2f.o)
    0x080006cc   0x0000002c   Code   RO         5033    .text               mc_w.l(uidiv.o)
    0x080006f8   0x0000001e   Code   RO         5035    .text               mc_w.l(llshl.o)
    0x08000716   0x00000020   Code   RO         5037    .text               mc_w.l(llushr.o)
    0x08000736   0x00000024   Code   RO         5039    .text               mc_w.l(llsshr.o)
    0x0800075a   0x00000002   PAD
    0x0800075c   0x0000009c   Code   RO         5050    .text               mc_w.l(strtod.o)
    0x080007f8   0x00000070   Code   RO         5052    .text               mc_w.l(strtol.o)
    0x08000868   0x00000000   Code   RO         5054    .text               mc_w.l(iusefp.o)
    0x08000868   0x0000006e   Code   RO         5055    .text               mf_w.l(fepilogue.o)
    0x080008d6   0x000000ba   Code   RO         5057    .text               mf_w.l(depilogue.o)
    0x08000990   0x00000030   Code   RO         5059    .text               mf_w.l(dfixul.o)
    0x080009c0   0x00000030   Code   RO         5061    .text               mf_w.l(cdrcmple.o)
    0x080009f0   0x00000024   Code   RO         5063    .text               mc_w.l(init.o)
    0x08000a14   0x00000338   Code   RO         5067    .text               mc_w.l(scanf_fp.o)
    0x08000d4c   0x00000040   Code   RO         5071    .text               mc_w.l(_sgetc.o)
    0x08000d8c   0x0000009e   Code   RO         5073    .text               mc_w.l(_strtoul.o)
    0x08000e2a   0x0000001c   Code   RO         5078    .text               mc_w.l(_chval.o)
    0x08000e46   0x00000018   Code   RO         5080    .text               mf_w.l(dfltul.o)
    0x08000e5e   0x00000004   Code   RO         3225    i.BusFault_Handler  stm32f10x_it.o
    0x08000e62   0x00000002   Code   RO         3226    i.DebugMon_Handler  stm32f10x_it.o
    0x08000e64   0x00000116   Code   RO         1258    i.GPIO_Init         stm32f10x_gpio.o
    0x08000f7a   0x00000012   Code   RO         1262    i.GPIO_ReadInputDataBit  stm32f10x_gpio.o
    0x08000f8c   0x00000004   Code   RO         3227    i.HardFault_Handler  stm32f10x_it.o
    0x08000f90   0x00000024   Code   RO         4034    i.KEY_Init          key.o
    0x08000fb4   0x00000004   Code   RO         3228    i.MemManage_Handler  stm32f10x_it.o
    0x08000fb8   0x00000002   Code   RO         3229    i.NMI_Handler       stm32f10x_it.o
    0x08000fba   0x00000002   PAD
    0x08000fbc   0x00000070   Code   RO           24    i.NVIC_Init         misc.o
    0x0800102c   0x00000014   Code   RO           25    i.NVIC_PriorityGroupConfig  misc.o
    0x08001040   0x00000018   Code   RO         3795    i.P_1_1_Manufacturer_doGet  s_1_deviceinformation_doget.o
    0x08001058   0x00000018   Code   RO         3796    i.P_1_2_Model_doGet  s_1_deviceinformation_doget.o
    0x08001070   0x00000018   Code   RO         3797    i.P_1_3_SerialNumber_doGet  s_1_deviceinformation_doget.o
    0x08001088   0x00000018   Code   RO         3798    i.P_1_4_FirmwareRevision_doGet  s_1_deviceinformation_doget.o
    0x080010a0   0x00000018   Code   RO         3799    i.P_1_5_SerialNo_doGet  s_1_deviceinformation_doget.o
    0x080010b8   0x0000000e   Code   RO         3884    i.P_2_4_On_doGet    s_2_switchsensor_doget.o
    0x080010c6   0x00000002   PAD
    0x080010c8   0x0000004c   Code   RO         3867    i.P_2_4_On_doSet    s_2_switchsensor_doset.o
    0x08001114   0x00000002   Code   RO         3230    i.PendSV_Handler    stm32f10x_it.o
    0x08001116   0x00000002   PAD
    0x08001118   0x00000020   Code   RO         1674    i.RCC_APB1PeriphClockCmd  stm32f10x_rcc.o
    0x08001138   0x00000020   Code   RO         1676    i.RCC_APB2PeriphClockCmd  stm32f10x_rcc.o
    0x08001158   0x0000004c   Code   RO         1683    i.RCC_DeInit        stm32f10x_rcc.o
    0x080011a4   0x000000d4   Code   RO         1684    i.RCC_GetClocksFreq  stm32f10x_rcc.o
    0x08001278   0x0000003c   Code   RO         1685    i.RCC_GetFlagStatus  stm32f10x_rcc.o
    0x080012b4   0x00000010   Code   RO         1687    i.RCC_GetSYSCLKSource  stm32f10x_rcc.o
    0x080012c4   0x00000018   Code   RO         1688    i.RCC_HCLKConfig    stm32f10x_rcc.o
    0x080012dc   0x0000000c   Code   RO         1690    i.RCC_HSICmd        stm32f10x_rcc.o
    0x080012e8   0x00000018   Code   RO         1695    i.RCC_PCLK1Config   stm32f10x_rcc.o
    0x08001300   0x00000018   Code   RO         1696    i.RCC_PCLK2Config   stm32f10x_rcc.o
    0x08001318   0x0000000c   Code   RO         1697    i.RCC_PLLCmd        stm32f10x_rcc.o
    0x08001324   0x0000001c   Code   RO         1698    i.RCC_PLLConfig     stm32f10x_rcc.o
    0x08001340   0x00000018   Code   RO         1701    i.RCC_SYSCLKConfig  stm32f10x_rcc.o
    0x08001358   0x00000002   Code   RO         3231    i.SVC_Handler       stm32f10x_it.o
    0x0800135a   0x00000048   Code   RO         3800    i.S_1_DeviceInformation_doGet  s_1_deviceinformation_doget.o
    0x080013a2   0x0000001e   Code   RO         3885    i.S_2_SwitchSensor_doGet  s_2_switchsensor_doget.o
    0x080013c0   0x00000020   Code   RO         3868    i.S_2_SwitchSensor_doSet  s_2_switchsensor_doset.o
    0x080013e0   0x00000028   Code   RO           28    i.SysTick_CLKSourceConfig  misc.o
    0x08001408   0x00000002   Code   RO         3232    i.SysTick_Handler   stm32f10x_it.o
    0x0800140a   0x00000002   PAD
    0x0800140c   0x00000080   Code   RO         3291    i.SystemInit        system_stm32f10x.o
    0x0800148c   0x00000098   Code   RO         4022    i.TIM1_PWM_Init     servo.o
    0x08001524   0x00000018   Code   RO         2296    i.TIM_ARRPreloadConfig  stm32f10x_tim.o
    0x0800153c   0x00000018   Code   RO         2308    i.TIM_Cmd           stm32f10x_tim.o
    0x08001554   0x0000001e   Code   RO         2310    i.TIM_CtrlPWMOutputs  stm32f10x_tim.o
    0x08001572   0x00000002   PAD
    0x08001574   0x00000098   Code   RO         2337    i.TIM_OC1Init       stm32f10x_tim.o
    0x0800160c   0x00000012   Code   RO         2340    i.TIM_OC1PreloadConfig  stm32f10x_tim.o
    0x0800161e   0x00000004   Code   RO         2369    i.TIM_SetCompare1   stm32f10x_tim.o
    0x08001622   0x00000002   PAD
    0x08001624   0x000000a4   Code   RO         2379    i.TIM_TimeBaseInit  stm32f10x_tim.o
    0x080016c8   0x00000088   Code   RO         3348    i.USART1_IRQHandler  usart.o
    0x08001750   0x0000002c   Code   RO         3467    i.USART2_IRQHandler  arch_uart.o
    0x0800177c   0x0000001e   Code   RO         2841    i.USART_ClearITPendingBit  stm32f10x_usart.o
    0x0800179a   0x00000018   Code   RO         2844    i.USART_Cmd         stm32f10x_usart.o
    0x080017b2   0x0000001a   Code   RO         2847    i.USART_GetFlagStatus  stm32f10x_usart.o
    0x080017cc   0x00000054   Code   RO         2848    i.USART_GetITStatus  stm32f10x_usart.o
    0x08001820   0x0000004a   Code   RO         2850    i.USART_ITConfig    stm32f10x_usart.o
    0x0800186a   0x00000002   PAD
    0x0800186c   0x000000d8   Code   RO         2851    i.USART_Init        stm32f10x_usart.o
    0x08001944   0x0000000a   Code   RO         2858    i.USART_ReceiveData  stm32f10x_usart.o
    0x0800194e   0x00000008   Code   RO         2861    i.USART_SendData    stm32f10x_usart.o
    0x08001956   0x00000004   Code   RO         3233    i.UsageFault_Handler  stm32f10x_it.o
    0x0800195a   0x0000003c   Code   RO         3468    i._Xmodem_recv_str  arch_uart.o
    0x08001996   0x00000002   PAD
    0x08001998   0x00000020   Code   RO         4947    i.__0printf         mc_w.l(printfa.o)
    0x080019b8   0x00000028   Code   RO         4948    i.__0snprintf       mc_w.l(printfa.o)
    0x080019e0   0x00000008   Code   RO         5043    i.__aeabi_errno_addr  mc_w.l(errno.o)
    0x080019e8   0x0000000c   Code   RO         5044    i.__read_errno      mc_w.l(errno.o)
    0x080019f4   0x0000000e   Code   RO         5084    i.__scatterload_copy  mc_w.l(handlers.o)
    0x08001a02   0x00000002   Code   RO         5085    i.__scatterload_null  mc_w.l(handlers.o)
    0x08001a04   0x0000000e   Code   RO         5086    i.__scatterload_zeroinit  mc_w.l(handlers.o)
    0x08001a12   0x00000002   PAD
    0x08001a14   0x0000000c   Code   RO         5045    i.__set_errno       mc_w.l(errno.o)
    0x08001a20   0x00000164   Code   RO         4954    i._fp_digits        mc_w.l(printfa.o)
    0x08001b84   0x0000000e   Code   RO         5069    i._is_digit         mc_w.l(scanf_fp.o)
    0x08001b92   0x00000002   PAD
    0x08001b94   0x0000010c   Code   RO         4055    i._miio_cmd_ack     miio_api.o
    0x08001ca0   0x000006dc   Code   RO         4955    i._printf_core      mc_w.l(printfa.o)
    0x0800237c   0x00000024   Code   RO         4956    i._printf_post_padding  mc_w.l(printfa.o)
    0x080023a0   0x0000002e   Code   RO         4957    i._printf_pre_padding  mc_w.l(printfa.o)
    0x080023ce   0x00000002   PAD
    0x080023d0   0x00000054   Code   RO         4234    i._read_ringbuff    miio_uart.o
    0x08002424   0x00000016   Code   RO         4958    i._snputc           mc_w.l(printfa.o)
    0x0800243a   0x00000002   PAD
    0x0800243c   0x000000c0   Code   RO         3470    i._uart_init        arch_uart.o
    0x080024fc   0x00000028   Code   RO         3471    i._uart_interrupt   arch_uart.o
    0x08002524   0x00000022   Code   RO         3472    i._uart_recv_byte   arch_uart.o
    0x08002546   0x00000002   PAD
    0x08002548   0x0000015c   Code   RO         3473    i._uart_recv_str    arch_uart.o
    0x080026a4   0x000000c8   Code   RO         3474    i._uart_send_byte   arch_uart.o
    0x0800276c   0x000000e4   Code   RO         3475    i._uart_send_str    arch_uart.o
    0x08002850   0x00000178   Code   RO         3476    i._uart_send_str_wait_ack  arch_uart.o
    0x080029c8   0x00000048   Code   RO         4236    i._write_ringbuff   miio_uart.o
    0x08002a10   0x000001ac   Code   RO         4392    i.action_operation_decode  action_operation_decoder.o
    0x08002bbc   0x00000020   Code   RO         4519    i.action_operation_delete  action_operation.o
    0x08002bdc   0x00000208   Code   RO         4411    i.action_operation_encode_param  action_operation_encoder.o
    0x08002de4   0x00000110   Code   RO         4412    i.action_operation_encode_tail  action_operation_encoder.o
    0x08002ef4   0x00000052   Code   RO         4520    i.action_operation_new  action_operation.o
    0x08002f46   0x00000006   Code   RO         3922    i.app_func_is_ota_busy  user_app_func.o
    0x08002f4c   0x00000006   Code   RO         3923    i.app_func_net_change  user_app_func.o
    0x08002f52   0x00000002   PAD
    0x08002f54   0x0000007c   Code   RO         3925    i.app_func_restore  user_app_func.o
    0x08002fd0   0x0000006c   Code   RO         3410    i.arch_mcu_init     arch_init.o
    0x0800303c   0x00000002   Code   RO         3422    i.arch_os_mutex_deinit  arch_os.o
    0x0800303e   0x00000002   Code   RO         3423    i.arch_os_mutex_get  arch_os.o
    0x08003040   0x00000002   Code   RO         3424    i.arch_os_mutex_init  arch_os.o
    0x08003042   0x00000002   Code   RO         3425    i.arch_os_mutex_put  arch_os.o
    0x08003044   0x00000006   Code   RO         3452    i.arch_ota_func     arch_ota.o
    0x0800304a   0x00000002   Code   RO         3389    i.arch_printf_begin  arch_dbg.o
    0x0800304c   0x00000010   Code   RO         3390    i.arch_printf_end   arch_dbg.o
    0x0800305c   0x0000003c   Code   RO         4555    i.arguments_delete  arguments.o
    0x08003098   0x00000026   Code   RO         4556    i.arguments_new     arguments.o
    0x080030be   0x0000002a   Code   RO         4652    i.atof              m_ws.l(atof.o)
    0x080030e8   0x00000040   Code   RO         3568    i.crc16_ccitt       xmodem.o
    0x08003128   0x00000044   Code   RO         3322    i.delay_init        delay.o
    0x0800316c   0x0000004c   Code   RO         3323    i.delay_ms          delay.o
    0x080031b8   0x0000004c   Code   RO         3324    i.delay_us          delay.o
    0x08003204   0x0000004c   Code   RO         3074    i.do_get_properties  main.o
    0x08003250   0x00000050   Code   RO         3075    i.do_invoke_action  main.o
    0x080032a0   0x00000034   Code   RO         3076    i.do_invoke_none    main.o
    0x080032d4   0x00000084   Code   RO         3077    i.do_invoke_ota     main.o
    0x08003358   0x0000005c   Code   RO         3078    i.do_net_changed    main.o
    0x080033b4   0x00000032   Code   RO         4056    i.do_req_error      miio_api.o
    0x080033e6   0x00000002   PAD
    0x080033e8   0x0000004c   Code   RO         3079    i.do_set_properties  main.o
    0x08003434   0x00000224   Code   RO         4147    i.execute_action_invocation  operation_executor.o
    0x08003658   0x0000004c   Code   RO         3533    i.execute_ota_operation  ota.o
    0x080036a4   0x0000023c   Code   RO         4149    i.execute_property_operation  operation_executor.o
    0x080038e0   0x0000001c   Code   RO         3350    i.fputc             usart.o
    0x080038fc   0x00000050   Code   RO         4975    i.free              mc_w.l(malloc.o)
    0x0800394c   0x0000026c   Code   RO         3080    i.main              main.o
    0x08003bb8   0x0000006c   Code   RO         4976    i.malloc            mc_w.l(malloc.o)
    0x08003c24   0x000000d4   Code   RO         4393    i.miio_action_get_arguments_in  action_operation_decoder.o
    0x08003cf8   0x000000d8   Code   RO         4057    i.miio_cmd_method_register  miio_api.o
    0x08003dd0   0x00000054   Code   RO         4058    i.miio_command_find_by_method  miio_api.o
    0x08003e24   0x00000310   Code   RO         4060    i.miio_command_handle_loop  miio_api.o
    0x08004134   0x000000d4   Code   RO         4469    i.miio_get_value    property_operation_decoder.o
    0x08004208   0x0000004c   Code   RO         4061    i.miio_instance_add_uart  miio_api.o
    0x08004254   0x0000001a   Code   RO         4062    i.miio_instance_add_xmodem  miio_api.o
    0x0800426e   0x00000002   PAD
    0x08004270   0x000000ac   Code   RO         4063    i.miio_instance_create  miio_api.o
    0x0800431c   0x00000100   Code   RO         4064    i.miio_instance_destroy  miio_api.o
    0x0800441c   0x00000198   Code   RO         4470    i.miio_property_operation_decode  property_operation_decoder.o
    0x080045b4   0x00000016   Code   RO         4591    i.miio_property_operation_delete  property_operation.o
    0x080045ca   0x0000002c   Code   RO         4592    i.miio_property_operation_new  property_operation.o
    0x080045f6   0x0000001e   Code   RO         4151    i.miio_send_response  operation_executor.o
    0x08004614   0x00000044   Code   RO         4237    i.miio_uart_destroy  miio_uart.o
    0x08004658   0x0000004e   Code   RO         4238    i.miio_uart_instance_create  miio_uart.o
    0x080046a6   0x00000002   PAD
    0x080046a8   0x000000a8   Code   RO         3569    i.miio_xmodem_create_instance  xmodem.o
    0x08004750   0x000000a4   Code   RO         3652    i.on_action_invoke  on_action_invoke.o
    0x080047f4   0x000000bc   Code   RO         3710    i.on_property_get   on_property_get.o
    0x080048b0   0x000000e8   Code   RO         3762    i.on_property_set   on_property_set.o
    0x08004998   0x00000158   Code   RO         3779    i.print_value       print_value.o
    0x08004af0   0x00000180   Code   RO         4488    i.property_operation_encode_param  property_operation_encoder.o
    0x08004c70   0x00000110   Code   RO         4489    i.property_operation_encode_tail  property_operation_encoder.o
    0x08004d80   0x00000026   Code   RO         4609    i.property_value_delete  property_value.o
    0x08004da6   0x0000002a   Code   RO         4610    i.property_value_new  property_value.o
    0x08004dd0   0x00000016   Code   RO         4611    i.property_value_new_boolean  property_value.o
    0x08004de6   0x0000001a   Code   RO         4612    i.property_value_new_float  property_value.o
    0x08004e00   0x0000001a   Code   RO         4613    i.property_value_new_integer  property_value.o
    0x08004e1a   0x0000002a   Code   RO         4614    i.property_value_new_string  property_value.o
    0x08004e44   0x00000050   Code   RO         4065    i.send_error        miio_api.o
    0x08004e94   0x00000054   Code   RO         4152    i.send_error_code   operation_executor.o
    0x08004ee8   0x0000003a   Code   RO         4293    i.str_n_cat         util.o
    0x08004f22   0x00000002   PAD
    0x08004f24   0x000000c0   Code   RO         4507    i.uart_comamnd_decoder  uart_command_decoder.o
    0x08004fe4   0x00000014   Code   RO         4066    i.uart_command_config_arg  miio_api.o
    0x08004ff8   0x000000a0   Code   RO         3351    i.uart_init         usart.o
    0x08005098   0x0000005c   Code   RO         3999    i.user_app_main     user_app_main.o
    0x080050f4   0x0000002e   Code   RO         3571    i.xmodem_cal_data_len  xmodem.o
    0x08005122   0x0000004c   Code   RO         3572    i.xmodem_check_crc  xmodem.o
    0x0800516e   0x00000042   Code   RO         3573    i.xmodem_check_packno  xmodem.o
    0x080051b0   0x00000094   Code   RO         3574    i.xmodem_print_crc_error  xmodem.o
    0x08005244   0x00000044   Code   RO         3575    i.xmodem_print_data  xmodem.o
    0x08005288   0x0000012c   Code   RO         3576    i.xmodem_print_header_info  xmodem.o
    0x080053b4   0x00000070   Code   RO         3577    i.xmodem_print_packno_error  xmodem.o
    0x08005424   0x00000504   Code   RO         3578    i.xmodem_recv_data  xmodem.o
    0x08005928   0x0000001c   Code   RO         3579    i.xmodem_recv_str   xmodem.o
    0x08005944   0x00000018   Code   RO         3580    i.xmodem_send_byte  xmodem.o
    0x0800595c   0x00000005   Data   RO         3081    .constdata          main.o
    0x08005961   0x0000002d   Data   RO         3581    .constdata          xmodem.o
    0x0800598e   0x00000010   Data   RO         3763    .constdata          on_property_set.o
    0x0800599e   0x0000003c   Data   RO         4067    .constdata          miio_api.o
    0x080059da   0x00000072   Data   RO         4155    .constdata          operation_executor.o
    0x08005a4c   0x00000018   Data   RO         4394    .constdata          action_operation_decoder.o
    0x08005a64   0x0000001d   Data   RO         4413    .constdata          action_operation_encoder.o
    0x08005a81   0x0000001f   Data   RO         4471    .constdata          property_operation_decoder.o
    0x08005aa0   0x0000001f   Data   RO         4490    .constdata          property_operation_encoder.o
    0x08005abf   0x00000081   Data   RO         4661    .constdata          mc_w.l(ctype_o.o)
    0x08005b40   0x00000004   Data   RO         4662    .constdata          mc_w.l(ctype_o.o)
    0x08005b44   0x00000152   Data   RO         3082    .conststring        main.o
    0x08005c96   0x00000002   PAD
    0x08005c98   0x00000087   Data   RO         3582    .conststring        xmodem.o
    0x08005d1f   0x00000001   PAD
    0x08005d20   0x00000020   Data   RO         5082    Region$$Table       anon$$obj.o


    Execution Region RW_IRAM1 (Base: 0x20000000, Size: 0x00001948, Max: 0x0000c000, ABSOLUTE)

    Base Addr    Size         Type   Attr      Idx    E Section Name        Object

    0x20000000   0x00000014   Data   RW         1704    .data               stm32f10x_rcc.o
    0x20000014   0x00000004   Data   RW         3083    .data               main.o
    0x20000018   0x00000014   Data   RW         3292    .data               system_stm32f10x.o
    0x2000002c   0x00000004   Data   RW         3325    .data               delay.o
    0x20000030   0x00000006   Data   RW         3353    .data               usart.o
    0x20000036   0x00000002   PAD
    0x20000038   0x00000004   Data   RW         3391    .data               arch_dbg.o
    0x2000003c   0x00000004   Data   RW         3583    .data               xmodem.o
    0x20000040   0x00000004   Data   RW         4000    .data               user_app_main.o
    0x20000044   0x00000004   Data   RW         4707    .data               mc_w.l(strtok.o)
    0x20000048   0x00000004   Data   RW         5041    .data               mc_w.l(mvars.o)
    0x2000004c   0x00000004   Data   RW         5042    .data               mc_w.l(mvars.o)
    0x20000050   0x00000004   Data   RW         5046    .data               mc_w.l(errno.o)
    0x20000054   0x00000100   Zero   RW         3352    .bss                usart.o
    0x20000154   0x000003ee   Zero   RW         4239    .bss                miio_uart.o
    0x20000542   0x00000006   PAD
    0x20000548   0x00001000   Zero   RW           18    HEAP                startup_stm32f10x_hd.o
    0x20001548   0x00000400   Zero   RW           17    STACK               startup_stm32f10x_hd.o


==============================================================================

Image component sizes


      Code (inc. data)   RO Data    RW Data    ZI Data      Debug   Object Name

       114          0          0          0          0       1617   action_operation.o
       640        134         24          0          0       2728   action_operation_decoder.o
       792        208         29          0          0       2691   action_operation_encoder.o
        18          6          0          4          0       1112   arch_dbg.o
       108         62          0          0          0        496   arch_init.o
         8          0          0          0          0       1924   arch_os.o
         6          0          0          0          0        576   arch_ota.o
      1522        430          0          0          0       7170   arch_uart.o
        98          0          0          0          0       1575   arguments.o
         0          0          0          0          0       4532   core_cm3.o
       220         26          0          4          0       1723   delay.o
        36          4          0          0          0        487   key.o
      1128        418        343          4          0      19746   main.o
      2032        760         60          0          0      12747   miio_api.o
       302         50          0          0       1006       3419   miio_uart.o
       172         22          0          0          0     250421   misc.o
       164         66          0          0          0       4897   on_action_invoke.o
       188         64          0          0          0       3732   on_property_get.o
       232        128         16          0          0       1200   on_property_set.o
      1234        390        114          0          0      10751   operation_executor.o
        76         18          0          0          0       2608   ota.o
       344        148          0          0          0       1032   print_value.o
        66          0          0          0          0       1643   property_operation.o
       620        132         31          0          0       2767   property_operation_decoder.o
       656        206         31          0          0       2675   property_operation_encoder.o
       196          0          0          0          0       4154   property_value.o
         0          0          0          0          0       2676   s_1_deviceinformation_dochange.o
       192         56          0          0          0       3714   s_1_deviceinformation_doget.o
        44          0          0          0          0       1521   s_2_switchsensor_doget.o
       108         12          0          0          0       1601   s_2_switchsensor_doset.o
       152          8          0          0          0        748   servo.o
        36          8        304          0       5120        796   startup_stm32f10x_hd.o
       296          0          0          0          0       2612   stm32f10x_gpio.o
        26          0          0          0          0       3854   stm32f10x_it.o
       576         92          0         20          0       9947   stm32f10x_rcc.o
       416         62          0          0          0       4780   stm32f10x_tim.o
       472          6          0          0          0       6883   stm32f10x_usart.o
       128          6          0         20          0       1177   system_stm32f10x.o
       192         14          0          0          0        979   uart_command_decoder.o
       324         26          0          6        256       3621   usart.o
       136         40          0          0          0       2320   user_app_func.o
        92          8          0          4          0        860   user_app_main.o
        58          0          0          0          0       1196   util.o
      2384        736        180          4          0      11625   xmodem.o

    ----------------------------------------------------------------------
     16632       4346       1167         68       6388     409333   Object Totals
         0          0         32          0          0          0   (incl. Generated)
        28          0          3          2          6          0   (incl. Padding)

    ----------------------------------------------------------------------

      Code (inc. data)   RO Data    RW Data    ZI Data      Debug   Library Member Name

        42          0          0          0          0         84   atof.o
        28          0          0          0          0         68   _chval.o
        64          0          0          0          0         84   _sgetc.o
       158          0          0          0          0         92   _strtoul.o
        26          0          0          0          0         80   atoi.o
        28          0          0          0          0         76   calloc.o
         8          4        133          0          0         68   ctype_o.o
         0          0          0          0          0          0   entry.o
         0          0          0          0          0          0   entry10a.o
         0          0          0          0          0          0   entry11a.o
         8          4          0          0          0          0   entry2.o
         4          0          0          0          0          0   entry5.o
         0          0          0          0          0          0   entry7b.o
         0          0          0          0          0          0   entry8b.o
         8          4          0          0          0          0   entry9a.o
        32         16          0          4          0        204   errno.o
        30          0          0          0          0          0   handlers.o
        36          8          0          0          0         68   init.o
        18          0          0          0          0         76   isspace_o.o
         0          0          0          0          0          0   iusefp.o
        30          0          0          0          0         68   llshl.o
        36          0          0          0          0         68   llsshr.o
        32          0          0          0          0         68   llushr.o
       188         20          0          0          0        160   malloc.o
        36          0          0          0          0         68   memcpya.o
        36          0          0          0          0        108   memseta.o
         0          0          0          8          0          0   mvars.o
      2288         94          0          0          0        596   printfa.o
       838         12          0          0          0        216   scanf_fp.o
        24          0          0          0          0         68   strcat.o
        20          0          0          0          0         68   strchr.o
        28          0          0          0          0         76   strcmp.o
        14          0          0          0          0         68   strlen.o
        40          0          0          0          0         76   strncat.o
        30          0          0          0          0         80   strncmp.o
        24          0          0          0          0         76   strncpy.o
       156         14          0          0          0        120   strtod.o
        68          6          0          4          0         80   strtok.o
       112          0          0          0          0         88   strtol.o
        44          0          0          0          0         80   uidiv.o
        98          0          0          0          0         92   uldiv.o
        48          0          0          0          0         68   cdrcmple.o
        56          0          0          0          0         88   d2f.o
       334          0          0          0          0        148   dadd.o
       222          0          0          0          0        100   ddiv.o
       186          0          0          0          0        176   depilogue.o
        48          0          0          0          0         68   dfixul.o
        24          0          0          0          0         76   dfltul.o
       228          0          0          0          0         96   dmul.o
        38          0          0          0          0         68   f2d.o
       110          0          0          0          0        168   fepilogue.o

    ----------------------------------------------------------------------
      5940        182        133         16          0       4280   Library Totals
        14          0          0          0          0          0   (incl. Padding)

    ----------------------------------------------------------------------

      Code (inc. data)   RO Data    RW Data    ZI Data      Debug   Library Name

        42          0          0          0          0         84   m_ws.l
      4590        182        133         16          0       3140   mc_w.l
      1294          0          0          0          0       1056   mf_w.l

    ----------------------------------------------------------------------
      5940        182        133         16          0       4280   Library Totals

    ----------------------------------------------------------------------

==============================================================================


      Code (inc. data)   RO Data    RW Data    ZI Data      Debug   

     22572       4528       1300         84       6388     403937   Grand Totals
     22572       4528       1300         84       6388     403937   ELF Image Totals
     22572       4528       1300         84          0          0   ROM Totals

==============================================================================

    Total RO  Size (Code + RO Data)                23872 (  23.31kB)
    Total RW  Size (RW Data + ZI Data)              6472 (   6.32kB)
    Total ROM Size (Code + RO Data + RW Data)      23956 (  23.39kB)

==============================================================================

